Component: ARM Compiler 5.06 update 4 (build 422) Tool: armlink [4d35d2]

==============================================================================

Section Cross References

    usbd_desc.o(i.USBD_FS_ConfigStrDescriptor) refers to usbd_ctlreq.o(i.USBD_GetString) for USBD_GetString
    usbd_desc.o(i.USBD_FS_ConfigStrDescriptor) refers to usbd_desc.o(.bss) for .bss
    usbd_desc.o(i.USBD_FS_DeviceDescriptor) refers to usbd_desc.o(.data) for .data
    usbd_desc.o(i.USBD_FS_InterfaceStrDescriptor) refers to usbd_ctlreq.o(i.USBD_GetString) for USBD_GetString
    usbd_desc.o(i.USBD_FS_InterfaceStrDescriptor) refers to usbd_desc.o(.bss) for .bss
    usbd_desc.o(i.USBD_FS_LangIDStrDescriptor) refers to usbd_desc.o(.data) for .data
    usbd_desc.o(i.USBD_FS_ManufacturerStrDescriptor) refers to usbd_ctlreq.o(i.USBD_GetString) for USBD_GetString
    usbd_desc.o(i.USBD_FS_ManufacturerStrDescriptor) refers to usbd_desc.o(.bss) for .bss
    usbd_desc.o(i.USBD_FS_ProductStrDescriptor) refers to usbd_ctlreq.o(i.USBD_GetString) for USBD_GetString
    usbd_desc.o(i.USBD_FS_ProductStrDescriptor) refers to usbd_desc.o(.bss) for .bss
    usbd_desc.o(i.USBD_FS_SerialStrDescriptor) refers to usbd_ctlreq.o(i.USBD_GetString) for USBD_GetString
    usbd_desc.o(i.USBD_FS_SerialStrDescriptor) refers to usbd_desc.o(.bss) for .bss
    usbd_desc.o(i.USBD_FS_USR_BOSDescriptor) refers to usbd_desc.o(.data) for .data
    usbd_desc.o(i.USBD_HS_ConfigStrDescriptor) refers to usbd_ctlreq.o(i.USBD_GetString) for USBD_GetString
    usbd_desc.o(i.USBD_HS_ConfigStrDescriptor) refers to usbd_desc.o(.bss) for .bss
    usbd_desc.o(i.USBD_HS_DeviceDescriptor) refers to usbd_desc.o(.data) for .data
    usbd_desc.o(i.USBD_HS_InterfaceStrDescriptor) refers to usbd_ctlreq.o(i.USBD_GetString) for USBD_GetString
    usbd_desc.o(i.USBD_HS_InterfaceStrDescriptor) refers to usbd_desc.o(.bss) for .bss
    usbd_desc.o(i.USBD_HS_LangIDStrDescriptor) refers to usbd_desc.o(.data) for .data
    usbd_desc.o(i.USBD_HS_ManufacturerStrDescriptor) refers to usbd_ctlreq.o(i.USBD_GetString) for USBD_GetString
    usbd_desc.o(i.USBD_HS_ManufacturerStrDescriptor) refers to usbd_desc.o(.bss) for .bss
    usbd_desc.o(i.USBD_HS_ProductStrDescriptor) refers to usbd_ctlreq.o(i.USBD_GetString) for USBD_GetString
    usbd_desc.o(i.USBD_HS_ProductStrDescriptor) refers to usbd_desc.o(.bss) for .bss
    usbd_desc.o(i.USBD_HS_SerialStrDescriptor) refers to usbd_ctlreq.o(i.USBD_GetString) for USBD_GetString
    usbd_desc.o(i.USBD_HS_SerialStrDescriptor) refers to usbd_desc.o(.bss) for .bss
    usbd_desc.o(i.USBD_HS_USR_BOSDescriptor) refers to usbd_desc.o(.data) for .data
    usbd_desc.o(.data) refers to usbd_desc.o(i.USBD_FS_DeviceDescriptor) for USBD_FS_DeviceDescriptor
    usbd_desc.o(.data) refers to usbd_desc.o(i.USBD_FS_LangIDStrDescriptor) for USBD_FS_LangIDStrDescriptor
    usbd_desc.o(.data) refers to usbd_desc.o(i.USBD_FS_ManufacturerStrDescriptor) for USBD_FS_ManufacturerStrDescriptor
    usbd_desc.o(.data) refers to usbd_desc.o(i.USBD_FS_ProductStrDescriptor) for USBD_FS_ProductStrDescriptor
    usbd_desc.o(.data) refers to usbd_desc.o(i.USBD_FS_SerialStrDescriptor) for USBD_FS_SerialStrDescriptor
    usbd_desc.o(.data) refers to usbd_desc.o(i.USBD_FS_ConfigStrDescriptor) for USBD_FS_ConfigStrDescriptor
    usbd_desc.o(.data) refers to usbd_desc.o(i.USBD_FS_InterfaceStrDescriptor) for USBD_FS_InterfaceStrDescriptor
    usbd_desc.o(.data) refers to usbd_desc.o(i.USBD_FS_USR_BOSDescriptor) for USBD_FS_USR_BOSDescriptor
    usbd_desc.o(.data) refers to usbd_desc.o(i.USBD_HS_DeviceDescriptor) for USBD_HS_DeviceDescriptor
    usbd_desc.o(.data) refers to usbd_desc.o(i.USBD_HS_LangIDStrDescriptor) for USBD_HS_LangIDStrDescriptor
    usbd_desc.o(.data) refers to usbd_desc.o(i.USBD_HS_ManufacturerStrDescriptor) for USBD_HS_ManufacturerStrDescriptor
    usbd_desc.o(.data) refers to usbd_desc.o(i.USBD_HS_ProductStrDescriptor) for USBD_HS_ProductStrDescriptor
    usbd_desc.o(.data) refers to usbd_desc.o(i.USBD_HS_SerialStrDescriptor) for USBD_HS_SerialStrDescriptor
    usbd_desc.o(.data) refers to usbd_desc.o(i.USBD_HS_ConfigStrDescriptor) for USBD_HS_ConfigStrDescriptor
    usbd_desc.o(.data) refers to usbd_desc.o(i.USBD_HS_InterfaceStrDescriptor) for USBD_HS_InterfaceStrDescriptor
    usbd_desc.o(.data) refers to usbd_desc.o(i.USBD_HS_USR_BOSDescriptor) for USBD_HS_USR_BOSDescriptor
    usbd_conf.o(i.HAL_PCDEx_LPM_Callback) refers to usbd_core.o(i.USBD_LL_Suspend) for USBD_LL_Suspend
    usbd_conf.o(i.HAL_PCDEx_LPM_Callback) refers to main.o(i.SystemClock_Config) for SystemClock_Config
    usbd_conf.o(i.HAL_PCDEx_LPM_Callback) refers to usbd_core.o(i.USBD_LL_Resume) for USBD_LL_Resume
    usbd_conf.o(i.HAL_PCD_ConnectCallback) refers to usbd_core.o(i.USBD_LL_DevConnected) for USBD_LL_DevConnected
    usbd_conf.o(i.HAL_PCD_DataInStageCallback) refers to usbd_core.o(i.USBD_LL_DataInStage) for USBD_LL_DataInStage
[...]
    i.USBD_LL_SetupStage                     0x080062a4   Section        0  usbd_core.o(i.USBD_LL_SetupStage)
    i.USBD_LL_StallEP                        0x080062fa   Section        0  usbd_conf.o(i.USBD_LL_StallEP)
    i.USBD_LL_Start                          0x0800631a   Section        0  usbd_conf.o(i.USBD_LL_Start)
    i.USBD_LL_Suspend                        0x0800633a   Section        0  usbd_core.o(i.USBD_LL_Suspend)
    i.USBD_LL_Transmit                       0x0800634c   Section        0  usbd_conf.o(i.USBD_LL_Transmit)
    i.USBD_ParseSetupRequest                 0x0800636c   Section        0  usbd_ctlreq.o(i.USBD_ParseSetupRequest)
    i.USBD_RegisterClass                     0x08006394   Section        0  usbd_core.o(i.USBD_RegisterClass)
    i.USBD_SetClassConfig                    0x080063a6   Section        0  usbd_core.o(i.USBD_SetClassConfig)
    i.USBD_SetConfig                         0x080063bc   Section        0  usbd_ctlreq.o(i.USBD_SetConfig)
    USBD_SetConfig                           0x080063bd   Thumb Code   112  usbd_ctlreq.o(i.USBD_SetConfig)
    i.USBD_Start                             0x08006430   Section        0  usbd_core.o(i.USBD_Start)
    i.USBD_StdDevReq                         0x0800643a   Section        0  usbd_ctlreq.o(i.USBD_StdDevReq)
    i.USBD_StdEPReq                          0x0800652a   Section        0  usbd_ctlreq.o(i.USBD_StdEPReq)
    i.USBD_StdItfReq                         0x08006608   Section        0  usbd_ctlreq.o(i.USBD_StdItfReq)
    i.USB_ActivateEndpoint                   0x0800663c   Section        0  stm32f7xx_ll_usb.o(i.USB_ActivateEndpoint)
    i.USB_ActivateSetup                      0x080066bc   Section        0  stm32f7xx_ll_usb.o(i.USB_ActivateSetup)
    i.USB_CoreInit                           0x080066f0   Section        0  stm32f7xx_ll_usb.o(i.USB_CoreInit)
    i.USB_CoreReset                          0x08006760   Section        0  stm32f7xx_ll_usb.o(i.USB_CoreReset)
    USB_CoreReset                            0x08006761   Thumb Code    50  stm32f7xx_ll_usb.o(i.USB_CoreReset)
    i.USB_DeactivateEndpoint                 0x08006798   Section        0  stm32f7xx_ll_usb.o(i.USB_DeactivateEndpoint)
    i.USB_DevConnect                         0x08006806   Section        0  stm32f7xx_ll_usb.o(i.USB_DevConnect)
    i.USB_DevDisconnect                      0x0800681e   Section        0  stm32f7xx_ll_usb.o(i.USB_DevDisconnect)
    i.USB_DevInit                            0x08006838   Section        0  stm32f7xx_ll_usb.o(i.USB_DevInit)
    i.USB_DisableGlobalInt                   0x080069a0   Section        0  stm32f7xx_ll_usb.o(i.USB_DisableGlobalInt)
    i.USB_EP0StartXfer                       0x080069ac   Section        0  stm32f7xx_ll_usb.o(i.USB_EP0StartXfer)
    i.USB_EP0_OutStart                       0x08006aec   Section        0  stm32f7xx_ll_usb.o(i.USB_EP0_OutStart)
    i.USB_EPClearStall                       0x08006b2a   Section        0  stm32f7xx_ll_usb.o(i.USB_EPClearStall)
    i.USB_EPSetStall                         0x08006b8e   Section        0  stm32f7xx_ll_usb.o(i.USB_EPSetStall)
    i.USB_EPStartXfer                        0x08006bec   Section        0  stm32f7xx_ll_usb.o(i.USB_EPStartXfer)
    i.USB_EnableGlobalInt                    0x08006e08   Section        0  stm32f7xx_ll_usb.o(i.USB_EnableGlobalInt)
    i.USB_FlushRxFifo                        0x08006e14   Section        0  stm32f7xx_ll_usb.o(i.USB_FlushRxFifo)
    i.USB_FlushTxFifo                        0x08006e34   Section        0  stm32f7xx_ll_usb.o(i.USB_FlushTxFifo)
    i.USB_GetDevSpeed                        0x08006e58   Section        0  stm32f7xx_ll_usb.o(i.USB_GetDevSpeed)
    i.USB_GetMode                            0x08006e96   Section        0  stm32f7xx_ll_usb.o(i.USB_GetMode)
    i.USB_ReadDevAllInEpInterrupt            0x08006e9e   Section        0  stm32f7xx_ll_usb.o(i.USB_ReadDevAllInEpInterrupt)
    i.USB_ReadDevAllOutEpInterrupt           0x08006eac   Section        0  stm32f7xx_ll_usb.o(i.USB_ReadDevAllOutEpInterrupt)
    i.USB_ReadDevInEPInterrupt               0x08006eba   Section        0  stm32f7xx_ll_usb.o(i.USB_ReadDevInEPInterrupt)
    i.USB_ReadDevOutEPInterrupt              0x08006eda   Section        0  stm32f7xx_ll_usb.o(i.USB_ReadDevOutEPInterrupt)
    i.USB_ReadInterrupts                     0x08006eea   Section        0  stm32f7xx_ll_usb.o(i.USB_ReadInterrupts)
    i.USB_ReadPacket                         0x08006ef2   Section        0  stm32f7xx_ll_usb.o(i.USB_ReadPacket)
    i.USB_SetCurrentMode                     0x08006f10   Section        0  stm32f7xx_ll_usb.o(i.USB_SetCurrentMode)
    i.USB_SetDevAddress                      0x08006f3c   Section        0  stm32f7xx_ll_usb.o(i.USB_SetDevAddress)
    i.USB_WritePacket                        0x08006f60   Section        0  stm32f7xx_ll_usb.o(i.USB_WritePacket)
    i.__0sprintf                             0x08006f8c   Section        0  printfa.o(i.__0sprintf)
    i.__hardfp_sqrt                          0x08006fb4   Section        0  sqrt.o(i.__hardfp_sqrt)
    i.__scatterload_copy                     0x0800702e   Section       14  handlers.o(i.__scatterload_copy)
    i.__scatterload_null                     0x0800703c   Section        2  handlers.o(i.__scatterload_null)
    i.__scatterload_zeroinit                 0x0800703e   Section       14  handlers.o(i.__scatterload_zeroinit)
    i.__set_errno                            0x0800704c   Section        0  errno.o(i.__set_errno)
    i._fp_digits                             0x08007058   Section        0  printfa.o(i._fp_digits)
    _fp_digits                               0x08007059   Thumb Code   366  printfa.o(i._fp_digits)
    i._printf_core                           0x080071dc   Section        0  printfa.o(i._printf_core)
    _printf_core                             0x080071dd   Thumb Code  1744  printfa.o(i._printf_core)
    i._printf_post_padding                   0x080078b8   Section        0  printfa.o(i._printf_post_padding)
    _printf_post_padding                     0x080078b9   Thumb Code    36  printfa.o(i._printf_post_padding)
    i._printf_pre_padding                    0x080078dc   Section        0  printfa.o(i._printf_pre_padding)
    _printf_pre_padding                      0x080078dd   Thumb Code    46  printfa.o(i._printf_pre_padding)
    i._sputc                                 0x0800790a   Section        0  printfa.o(i._sputc)
    _sputc                                   0x0800790b   Thumb Code    10  printfa.o(i._sputc)
    i.clrBuf                                 0x08007914   Section        0  main.o(i.clrBuf)
    i.free                                   0x08007928   Section        0  malloc.o(i.free)
    i.fv_test                                0x08007978   Section        0  main.o(i.fv_test)
    i.main                                   0x08007a20   Section        0  main.o(i.main)
    i.malloc                                 0x08007b58   Section        0  malloc.o(i.malloc)
    .constdata                               0x08007bc4   Section    23680  main.o(.constdata)
    fv_std_img1                              0x08007bc4   Data       19584  main.o(.constdata)
    FV_VCSample2                             0x0800c844   Data        4096  main.o(.constdata)
    .constdata                               0x0800d844   Section       16  system_stm32f7xx.o(.constdata)
    .constdata                               0x0800d854   Section       32  fv_corr.o(.constdata)
    fv_seeds                                 0x0800d854   Data           8  fv_corr.o(.constdata)
    .data                                    0x20000000   Section       32  usbd_desc.o(.data)
    .data                                    0x20000020   Section       68  usbd_desc.o(.data)
    .data                                    0x20000064   Section       32  usbd_desc.o(.data)
    .data                                    0x20000084   Section       16  usbd_cdc_if.o(.data)
    .data                                    0x20000094   Section       16  usbd_cdc_if.o(.data)
    .data                                    0x200000a4   Section       16  usbd_cdc_if.o(.data)
    .data                                    0x200000b4   Section      219  usbd_cdc.o(.data)
    ifalt                                    0x200000b4   Data           1  usbd_cdc.o(.data)
    USBD_CDC_DeviceQualifierDesc             0x200000b8   Data          10  usbd_cdc.o(.data)
    .data                                    0x20000190   Section       56  usbd_cdc.o(.data)
    .data                                    0x200001c8   Section        1  usbd_ctlreq.o(.data)
    cfgidx                                   0x200001c8   Data           1  usbd_ctlreq.o(.data)
    .data                                    0x200001cc   Section        4  stm32f7xx_hal.o(.data)
    .data                                    0x200001d0   Section        4  system_stm32f7xx.o(.data)
    .data                                    0x200001d4   Section        4  fv_corr.o(.data)
    tmp_density                              0x200001d4   Data           4  fv_corr.o(.data)
    .data                                    0x200001d8   Section        4  fv_feat.o(.data)
    fv_vein_ctrst                            0x200001d8   Data           4  fv_feat.o(.data)
    .data                                    0x200001dc   Section        4  mvars.o(.data)
    .data                                    0x200001e0   Section        4  mvars.o(.data)
    .data                                    0x200001e4   Section        4  errno.o(.data)
    _errno                                   0x200001e4   Data           4  errno.o(.data)
    .bss                                     0x200001e8   Section      512  usbd_desc.o(.bss)
    .bss                                     0x200003e8   Section     2048  usbd_conf.o(.bss)
    .bss                                     0x20000be8   Section      672  main.o(.bss)
    .bss                                     0x20000e88   Section     1096  usb_device.o(.bss)
    .bss                                     0x200012d0   Section      256  fv_corr.o(.bss)
    tmp_buf                                  0x200012d0   Data         256  fv_corr.o(.bss)
    .bss                                     0x200013d0   Section      404  fv_mem.o(.bss)
    MemManageStruct                          0x200013d0   Data         404  fv_mem.o(.bss)
    .bss                                     0x20001564   Section      256  fv_def.o(.bss)
    .bss                                     0x20001664   Section      256  fv_def.o(.bss)
    .bss                                     0x20001764   Section      256  fv_match.o(.bss)
    FV_BitCountLut                           0x20001764   Data         256  fv_match.o(.bss)
    HEAP                                     0x20001868   Section     2048  startup_stm32f746xx.o(HEAP)
    STACK                                    0x20002068   Section     5376  startup_stm32f746xx.o(STACK)
    .ARM.__AT_0x20004C00                     0x20004c00   Section    46080  main.o(.ARM.__AT_0x20004C00)
    .ARM.__AT_0x20010000                     0x20010000   Section    245760  main.o(.ARM.__AT_0x20010000)

    Global Symbols

    Symbol Name                              Value     Ov Type        Size  Object(Section)

    BuildAttributes$$THM_ISAv4$E$P$D$K$B$S$7EM$VFPi5$EXTD16$VFPS$VFMA$PE$PLD8$A:L22UL41UL21$X:L11$S22US41US21$IEEE1$IW$USESV6$~STKCKD$USESV7$~SHL$OTIME$ROPI$IEEEJ$EBA8$MICROLIB$REQ8$PRES8$EABIv2 0x00000000   Number         0  anon$$obj.o ABSOLUTE
    __ARM_use_no_argv                        0x00000000   Number         0  main.o ABSOLUTE
    _printf_a                                0x00000000   Number         0  stubs.o ABSOLUTE
    _printf_c                                0x00000000   Number         0  stubs.o ABSOLUTE
    _printf_charcount                        0x00000000   Number         0  stubs.o ABSOLUTE
    _printf_d                                0x00000000   Number         0  stubs.o ABSOLUTE
    _printf_e                                0x00000000   Number         0  stubs.o ABSOLUTE
    _printf_f                                0x00000000   Number         0  stubs.o ABSOLUTE
    _printf_flags                            0x00000000   Number         0  stubs.o ABSOLUTE
    _printf_fp_dec                           0x00000000   Number         0  stubs.o ABSOLUTE
    _printf_fp_hex                           0x00000000   Number         0  stubs.o ABSOLUTE
    _printf_g                                0x00000000   Number         0  stubs.o ABSOLUTE
    _printf_i                                0x00000000   Number         0  stubs.o ABSOLUTE
    _printf_int_dec                          0x00000000   Number         0  stubs.o ABSOLUTE
    _printf_l                                0x00000000   Number         0  stubs.o ABSOLUTE
    _printf_lc                               0x00000000   Number         0  stubs.o ABSOLUTE
    _printf_ll                               0x00000000   Number         0  stubs.o ABSOLUTE
    _printf_lld                              0x00000000   Number         0  stubs.o ABSOLUTE
    _printf_lli                              0x00000000   Number         0  stubs.o ABSOLUTE
    _printf_llo                              0x00000000   Number         0  stubs.o ABSOLUTE
    _printf_llu                              0x00000000   Number         0  stubs.o ABSOLUTE
    _printf_llx                              0x00000000   Number         0  stubs.o ABSOLUTE
    _printf_longlong_dec                     0x00000000   Number         0  stubs.o ABSOLUTE
    _printf_longlong_hex                     0x00000000   Number         0  stubs.o ABSOLUTE
    _printf_longlong_oct                     0x00000000   Number         0  stubs.o ABSOLUTE
    _printf_ls                               0x00000000   Number         0  stubs.o ABSOLUTE
    _printf_mbtowc                           0x00000000   Number         0  stubs.o ABSOLUTE
    _printf_n                                0x00000000   Number         0  stubs.o ABSOLUTE
    _printf_o                                0x00000000   Number         0  stubs.o ABSOLUTE
    _printf_p                                0x00000000   Number         0  stubs.o ABSOLUTE
    _printf_percent                          0x00000000   Number         0  stubs.o ABSOLUTE
    _printf_pre_padding                      0x00000000   Number         0  stubs.o ABSOLUTE
    _printf_return_value                     0x00000000   Number         0  stubs.o ABSOLUTE
    _printf_s                                0x00000000   Number         0  stubs.o ABSOLUTE
    _printf_sizespec                         0x00000000   Number         0  stubs.o ABSOLUTE
    _printf_str                              0x00000000   Number         0  stubs.o ABSOLUTE
    _printf_truncate_signed                  0x00000000   Number         0  stubs.o ABSOLUTE
    _printf_truncate_unsigned                0x00000000   Number         0  stubs.o ABSOLUTE
    _printf_u                                0x00000000   Number         0  stubs.o ABSOLUTE
    _printf_wc                               0x00000000   Number         0  stubs.o ABSOLUTE
    _printf_wctomb                           0x00000000   Number         0  stubs.o ABSOLUTE
    _printf_widthprec                        0x00000000   Number         0  stubs.o ABSOLUTE
    _printf_x                                0x00000000   Number         0  stubs.o ABSOLUTE
    __cpp_initialize__aeabi_                  - Undefined Weak Reference
    __cxa_finalize                            - Undefined Weak Reference
    _clock_init                               - Undefined Weak Reference
    _microlib_exit                            - Undefined Weak Reference
    __Vectors_Size                           0x000001c8   Number         0  startup_stm32f746xx.o ABSOLUTE
    __Vectors                                0x08000000   Data           4  startup_stm32f746xx.o(RESET)
    __Vectors_End                            0x080001c8   Data           0  startup_stm32f746xx.o(RESET)
    __main                                   0x080001c9   Thumb Code     0  entry.o(.ARM.Collect$$$$00000000)
    _main_stk                                0x080001c9   Thumb Code     0  entry2.o(.ARM.Collect$$$$00000001)
    _main_scatterload                        0x080001cd   Thumb Code     0  entry5.o(.ARM.Collect$$$$00000004)
    __main_after_scatterload                 0x080001d1   Thumb Code     0  entry5.o(.ARM.Collect$$$$00000004)
    _main_clock                              0x080001d1   Thumb Code     0  entry7b.o(.ARM.Collect$$$$00000008)
    _main_cpp_init                           0x080001d1   Thumb Code     0  entry8b.o(.ARM.Collect$$$$0000000A)
    _main_init                               0x080001d1   Thumb Code     0  entry9a.o(.ARM.Collect$$$$0000000B)
    __rt_final_cpp                           0x080001d9   Thumb Code     0  entry10a.o(.ARM.Collect$$$$0000000D)
    __rt_final_exit                          0x080001d9   Thumb Code     0  entry11a.o(.ARM.Collect$$$$0000000F)
    Reset_Handler                            0x080001dd   Thumb Code     8  startup_stm32f746xx.o(.text)
    NMI_Handler                              0x080001e5   Thumb Code     2  startup_stm32f746xx.o(.text)
    HardFault_Handler                        0x080001e7   Thumb Code     2  startup_stm32f746xx.o(.text)
    MemManage_Handler                        0x080001e9   Thumb Code     2  startup_stm32f746xx.o(.text)
    BusFault_Handler                         0x080001eb   Thumb Code     2  startup_stm32f746xx.o(.text)
    UsageFault_Handler                       0x080001ed   Thumb Code     2  startup_stm32f746xx.o(.text)
    DebugMon_Handler                         0x080001f1   Thumb Code     2  startup_stm32f746xx.o(.text)
    ADC_IRQHandler                           0x080001f7   Thumb Code     0  startup_stm32f746xx.o(.text)
    CAN1_RX0_IRQHandler                      0x080001f7   Thumb Code     0  startup_stm32f746xx.o(.text)
    CAN1_RX1_IRQHandler                      0x080001f7   Thumb Code     0  startup_stm32f746xx.o(.text)
    CAN1_SCE_IRQHandler                      0x080001f7   Thumb Code     0  startup_stm32f746xx.o(.text)
    CAN1_TX_IRQHandler                       0x080001f7   Thumb Code     0  startup_stm32f746xx.o(.text)
    CAN2_RX0_IRQHandler                      0x080001f7   Thumb Code     0  startup_stm32f746xx.o(.text)
    CAN2_RX1_IRQHandler                      0x080001f7   Thumb Code     0  startup_stm32f746xx.o(.text)
    CAN2_SCE_IRQHandler                      0x080001f7   Thumb Code     0  startup_stm32f746xx.o(.text)
    CAN2_TX_IRQHandler                       0x080001f7   Thumb Code     0  startup_stm32f746xx.o(.text)
    CEC_IRQHandler                           0x080001f7   Thumb Code     0  startup_stm32f746xx.o(.text)
    DCMI_IRQHandler                          0x080001f7   Thumb Code     0  startup_stm32f746xx.o(.text)
    DMA1_Stream0_IRQHandler                  0x080001f7   Thumb Code     0  startup_stm32f746xx.o(.text)
    DMA1_Stream1_IRQHandler                  0x080001f7   Thumb Code     0  startup_stm32f746xx.o(.text)
    DMA1_Stream2_IRQHandler                  0x080001f7   Thumb Code     0  startup_stm32f746xx.o(.text)
    DMA1_Stream3_IRQHandler                  0x080001f7   Thumb Code     0  startup_stm32f746xx.o(.text)
    DMA1_Stream4_IRQHandler                  0x080001f7   Thumb Code     0  startup_stm32f746xx.o(.text)
    DMA1_Stream5_IRQHandler                  0x080001f7   Thumb Code     0  startup_stm32f746xx.o(.text)
    DMA1_Stream6_IRQHandler                  0x080001f7   Thumb Code     0  startup_stm32f746xx.o(.text)
    DMA1_Stream7_IRQHandler                  0x080001f7   Thumb Code     0  startup_stm32f746xx.o(.text)
    DMA2D_IRQHandler                         0x080001f7   Thumb Code     0  startup_stm32f746xx.o(.text)
    DMA2_Stream0_IRQHandler                  0x080001f7   Thumb Code     0  startup_stm32f746xx.o(.text)
    DMA2_Stream1_IRQHandler                  0x080001f7   Thumb Code     0  startup_stm32f746xx.o(.text)
    DMA2_Stream2_IRQHandler                  0x080001f7   Thumb Code     0  startup_stm32f746xx.o(.text)
    DMA2_Stream3_IRQHandler                  0x080001f7   Thumb Code     0  startup_stm32f746xx.o(.text)
    DMA2_Stream4_IRQHandler                  0x080001f7   Thumb Code     0  startup_stm32f746xx.o(.text)
    DMA2_Stream5_IRQHandler                  0x080001f7   Thumb Code     0  startup_stm32f746xx.o(.text)
    DMA2_Stream6_IRQHandler                  0x080001f7   Thumb Code     0  startup_stm32f746xx.o(.text)
    DMA2_Stream7_IRQHandler                  0x080001f7   Thumb Code     0  startup_stm32f746xx.o(.text)
    ETH_IRQHandler                           0x080001f7   Thumb Code     0  startup_stm32f746xx.o(.text)
    ETH_WKUP_IRQHandler                      0x080001f7   Thumb Code     0  startup_stm32f746xx.o(.text)
    EXTI0_IRQHandler                         0x080001f7   Thumb Code     0  startup_stm32f746xx.o(.text)
    EXTI15_10_IRQHandler                     0x080001f7   Thumb Code     0  startup_stm32f746xx.o(.text)
    EXTI1_IRQHandler                         0x080001f7   Thumb Code     0  startup_stm32f746xx.o(.text)
    EXTI2_IRQHandler                         0x080001f7   Thumb Code     0  startup_stm32f746xx.o(.text)
    EXTI3_IRQHandler                         0x080001f7   Thumb Code     0  startup_stm32f746xx.o(.text)
    EXTI4_IRQHandler                         0x080001f7   Thumb Code     0  startup_stm32f746xx.o(.text)
    EXTI9_5_IRQHandler                       0x080001f7   Thumb Code     0  startup_stm32f746xx.o(.text)
    FLASH_IRQHandler                         0x080001f7   Thumb Code     0  startup_stm32f746xx.o(.text)
    FMC_IRQHandler                           0x080001f7   Thumb Code     0  startup_stm32f746xx.o(.text)
    FPU_IRQHandler                           0x080001f7   Thumb Code     0  startup_stm32f746xx.o(.text)
    I2C1_ER_IRQHandler                       0x080001f7   Thumb Code     0  startup_stm32f746xx.o(.text)
    I2C1_EV_IRQHandler                       0x080001f7   Thumb Code     0  startup_stm32f746xx.o(.text)
    I2C2_ER_IRQHandler                       0x080001f7   Thumb Code     0  startup_stm32f746xx.o(.text)
    I2C2_EV_IRQHandler                       0x080001f7   Thumb Code     0  startup_stm32f746xx.o(.text)
    I2C3_ER_IRQHandler                       0x080001f7   Thumb Code     0  startup_stm32f746xx.o(.text)
    I2C3_EV_IRQHandler                       0x080001f7   Thumb Code     0  startup_stm32f746xx.o(.text)
    I2C4_ER_IRQHandler                       0x080001f7   Thumb Code     0  startup_stm32f746xx.o(.text)
    I2C4_EV_IRQHandler                       0x080001f7   Thumb Code     0  startup_stm32f746xx.o(.text)
    LPTIM1_IRQHandler                        0x080001f7   Thumb Code     0  startup_stm32f746xx.o(.text)
    LTDC_ER_IRQHandler                       0x080001f7   Thumb Code     0  startup_stm32f746xx.o(.text)
    LTDC_IRQHandler                          0x080001f7   Thumb Code     0  startup_stm32f746xx.o(.text)
    OTG_FS_WKUP_IRQHandler                   0x080001f7   Thumb Code     0  startup_stm32f746xx.o(.text)
    OTG_HS_EP1_IN_IRQHandler                 0x080001f7   Thumb Code     0  startup_stm32f746xx.o(.text)
    OTG_HS_EP1_OUT_IRQHandler                0x080001f7   Thumb Code     0  startup_stm32f746xx.o(.text)
    OTG_HS_WKUP_IRQHandler                   0x080001f7   Thumb Code     0  startup_stm32f746xx.o(.text)
    PVD_IRQHandler                           0x080001f7   Thumb Code     0  startup_stm32f746xx.o(.text)
    QUADSPI_IRQHandler                       0x080001f7   Thumb Code     0  startup_stm32f746xx.o(.text)
    RCC_IRQHandler                           0x080001f7   Thumb Code     0  startup_stm32f746xx.o(.text)
    RNG_IRQHandler                           0x080001f7   Thumb Code     0  startup_stm32f746xx.o(.text)
    RTC_Alarm_IRQHandler                     0x080001f7   Thumb Code     0  startup_stm32f746xx.o(.text)
    RTC_WKUP_IRQHandler                      0x080001f7   Thumb Code     0  startup_stm32f746xx.o(.text)
    SAI1_IRQHandler                          0x080001f7   Thumb Code     0  startup_stm32f746xx.o(.text)
    SAI2_IRQHandler                          0x080001f7   Thumb Code     0  startup_stm32f746xx.o(.text)
    SDMMC1_IRQHandler                        0x080001f7   Thumb Code     0  startup_stm32f746xx.o(.text)
    SPDIF_RX_IRQHandler                      0x080001f7   Thumb Code     0  startup_stm32f746xx.o(.text)
    SPI1_IRQHandler                          0x080001f7   Thumb Code     0  startup_stm32f746xx.o(.text)
    SPI2_IRQHandler                          0x080001f7   Thumb Code     0  startup_stm32f746xx.o(.text)
    SPI3_IRQHandler                          0x080001f7   Thumb Code     0  startup_stm32f746xx.o(.text)
    SPI4_IRQHandler                          0x080001f7   Thumb Code     0  startup_stm32f746xx.o(.text)
    SPI5_IRQHandler                          0x080001f7   Thumb Code     0  startup_stm32f746xx.o(.text)
    SPI6_IRQHandler                          0x080001f7   Thumb Code     0  startup_stm32f746xx.o(.text)
    TAMP_STAMP_IRQHandler                    0x080001f7   Thumb Code     0  startup_stm32f746xx.o(.text)
    TIM1_BRK_TIM9_IRQHandler                 0x080001f7   Thumb Code     0  startup_stm32f746xx.o(.text)
    TIM1_CC_IRQHandler                       0x080001f7   Thumb Code     0  startup_stm32f746xx.o(.text)
    TIM1_TRG_COM_TIM11_IRQHandler            0x080001f7   Thumb Code     0  startup_stm32f746xx.o(.text)
    TIM1_UP_TIM10_IRQHandler                 0x080001f7   Thumb Code     0  startup_stm32f746xx.o(.text)
    TIM2_IRQHandler                          0x080001f7   Thumb Code     0  startup_stm32f746xx.o(.text)
    TIM3_IRQHandler                          0x080001f7   Thumb Code     0  startup_stm32f746xx.o(.text)
    TIM4_IRQHandler                          0x080001f7   Thumb Code     0  startup_stm32f746xx.o(.text)
    TIM5_IRQHandler                          0x080001f7   Thumb Code     0  startup_stm32f746xx.o(.text)
    TIM6_DAC_IRQHandler                      0x080001f7   Thumb Code     0  startup_stm32f746xx.o(.text)
    TIM7_IRQHandler                          0x080001f7   Thumb Code     0  startup_stm32f746xx.o(.text)
    TIM8_BRK_TIM12_IRQHandler                0x080001f7   Thumb Code     0  startup_stm32f746xx.o(.text)
    TIM8_CC_IRQHandler                       0x080001f7   Thumb Code     0  startup_stm32f746xx.o(.text)
    TIM8_TRG_COM_TIM14_IRQHandler            0x080001f7   Thumb Code     0  startup_stm32f746xx.o(.text)
    TIM8_UP_TIM13_IRQHandler                 0x080001f7   Thumb Code     0  startup_stm32f746xx.o(.text)
    UART4_IRQHandler                         0x080001f7   Thumb Code     0  startup_stm32f746xx.o(.text)
    UART5_IRQHandler                         0x080001f7   Thumb Code     0  startup_stm32f746xx.o(.text)
    UART7_IRQHandler                         0x080001f7   Thumb Code     0  startup_stm32f746xx.o(.text)
    UART8_IRQHandler                         0x080001f7   Thumb Code     0  startup_stm32f746xx.o(.text)
    USART1_IRQHandler                        0x080001f7   Thumb Code     0  startup_stm32f746xx.o(.text)
    USART2_IRQHandler                        0x080001f7   Thumb Code     0  startup_stm32f746xx.o(.text)
    USART3_IRQHandler                        0x080001f7   Thumb Code     0  startup_stm32f746xx.o(.text)
    USART6_IRQHandler                        0x080001f7   Thumb Code     0  startup_stm32f746xx.o(.text)
    WWDG_IRQHandler                          0x080001f7   Thumb Code     0  startup_stm32f746xx.o(.text)
    __aeabi_memcpy                           0x08000201   Thumb Code    36  memcpya.o(.text)
    __aeabi_memcpy4                          0x08000201   Thumb Code     0  memcpya.o(.text)
    __aeabi_memcpy8                          0x08000201   Thumb Code     0  memcpya.o(.text)
    __aeabi_memset                           0x08000225   Thumb Code    14  memseta.o(.text)
    __aeabi_memset4                          0x08000225   Thumb Code     0  memseta.o(.text)
    __aeabi_memset8                          0x08000225   Thumb Code     0  memseta.o(.text)
    __aeabi_memclr                           0x08000233   Thumb Code     4  memseta.o(.text)
    __aeabi_memclr4                          0x08000233   Thumb Code     0  memseta.o(.text)
    __aeabi_memclr8                          0x08000233   Thumb Code     0  memseta.o(.text)
    _memset$wrapper                          0x08000237   Thumb Code    18  memseta.o(.text)
    strlen                                   0x08000249   Thumb Code    14  strlen.o(.text)
    __aeabi_dadd                             0x08000257   Thumb Code   322  dadd.o(.text)
    __aeabi_dsub                             0x08000399   Thumb Code     6  dadd.o(.text)
    __aeabi_drsub                            0x0800039f   Thumb Code     6  dadd.o(.text)
    __aeabi_dmul                             0x080003a5   Thumb Code   228  dmul.o(.text)
    __aeabi_ddiv                             0x08000489   Thumb Code   222  ddiv.o(.text)
    __aeabi_i2d                              0x08000567   Thumb Code    34  dflti.o(.text)
    __aeabi_ui2d                             0x08000589   Thumb Code    26  dfltui.o(.text)
    __aeabi_d2iz                             0x080005a3   Thumb Code    62  dfixi.o(.text)
    __aeabi_f2d                              0x080005e1   Thumb Code    38  f2d.o(.text)
    __aeabi_d2f                              0x08000607   Thumb Code    56  d2f.o(.text)
    __aeabi_uidiv                            0x0800063f   Thumb Code     0  uidiv.o(.text)
    __aeabi_uidivmod                         0x0800063f   Thumb Code    44  uidiv.o(.text)
    __aeabi_uldivmod                         0x0800066b   Thumb Code    98  uldiv.o(.text)
    __aeabi_llsl                             0x080006cd   Thumb Code    30  llshl.o(.text)
    _ll_shift_l                              0x080006cd   Thumb Code     0  llshl.o(.text)
    __aeabi_llsr                             0x080006eb   Thumb Code    32  llushr.o(.text)
    _ll_ushift_r                             0x080006eb   Thumb Code     0  llushr.o(.text)
    __aeabi_lasr                             0x0800070b   Thumb Code    36  llsshr.o(.text)
    _ll_sshift_r                             0x0800070b   Thumb Code     0  llsshr.o(.text)
    __I$use$fp                               0x0800072f   Thumb Code     0  iusefp.o(.text)
    _float_round                             0x0800072f   Thumb Code    18  fepilogue.o(.text)
    _float_epilogue                          0x08000741   Thumb Code    92  fepilogue.o(.text)
    _double_round                            0x0800079d   Thumb Code    30  depilogue.o(.text)
    _double_epilogue                         0x080007bb   Thumb Code   156  depilogue.o(.text)
    _dsqrt                                   0x08000857   Thumb Code   162  dsqrt.o(.text)
    __aeabi_d2ulz                            0x080008f9   Thumb Code    48  dfixul.o(.text)
    __aeabi_cdrcmple                         0x08000929   Thumb Code    48  cdrcmple.o(.text)
    __scatterload                            0x08000959   Thumb Code    28  init.o(.text)
    __scatterload_rt2                        0x08000959   Thumb Code     0  init.o(.text)
    __decompress                             0x0800097d   Thumb Code     0  __dczerorl2.o(.text)
    __decompress1                            0x0800097d   Thumb Code    86  __dczerorl2.o(.text)
    CDC_Transmit_HS                          0x08000a5d   Thumb Code    38  usbd_cdc_if.o(i.CDC_Transmit_HS)
    Error_Handler                            0x08000a89   Thumb Code    22  main.o(i.Error_Handler)
    FV_CalcFingerRotate                      0x08000afd   Thumb Code   250  fv_corr.o(i.FV_CalcFingerRotate)
    FV_CalcMinMisrate                        0x08000c21   Thumb Code   954  fv_match.o(i.FV_CalcMinMisrate)
    FV_CalcMisMR                             0x08001001   Thumb Code    26  fv_inst.o(i.FV_CalcMisMR)
    FV_ClearMem                              0x0800101b   Thumb Code    10  fv_mem.o(i.FV_ClearMem)
    FV_ConnVein                              0x08001025   Thumb Code   446  fv_feat.o(i.FV_ConnVein)
    FV_CopyRect                              0x08001209   Thumb Code   110  fv_cv.o(i.FV_CopyRect)
    FV_CorrFingerRotate                      0x08001279   Thumb Code   668  fv_corr.o(i.FV_CorrFingerRotate)
    FV_DeInitInst                            0x08001529   Thumb Code     4  fv_inst.o(i.FV_DeInitInst)
    FV_ErrorHandler                          0x0800152d   Thumb Code     2  fv_def.o(i.FV_ErrorHandler)
    FV_Free                                  0x08001531   Thumb Code   102  fv_mem.o(i.FV_Free)
    FV_GausBlur                              0x0800159d   Thumb Code   308  fv_cv.o(i.FV_GausBlur)
    FV_GenerateVeinCode                      0x080016d5   Thumb Code   416  fv_match.o(i.FV_GenerateVeinCode)
    FV_GetBinVein                            0x08001879   Thumb Code   630  fv_feat.o(i.FV_GetBinVein)
    FV_GetDiagVein                           0x08001b2d   Thumb Code  1142  fv_feat.o(i.FV_GetDiagVein)
    FV_GetGausKernel                         0x08001fa5   Thumb Code   114  fv_cv.o(i.FV_GetGausKernel)
    FV_GetHorVein                            0x08002025   Thumb Code   952  fv_feat.o(i.FV_GetHorVein)
    FV_GetInvDiagVein                        0x080023e5   Thumb Code  1148  fv_feat.o(i.FV_GetInvDiagVein)
    FV_GetMemAddr                            0x08002861   Thumb Code    54  fv_mem.o(i.FV_GetMemAddr)
    FV_GetMemId                              0x0800289d   Thumb Code    94  fv_mem.o(i.FV_GetMemId)
    FV_GetNormImg                            0x08002901   Thumb Code   358  fv_feat.o(i.FV_GetNormImg)
    FV_GetOriImgAddr                         0x08002a8d   Thumb Code    22  fv_inst.o(i.FV_GetOriImgAddr)
    FV_GetTmplAddr                           0x08002aa3   Thumb Code     4  fv_inst.o(i.FV_GetTmplAddr)
    FV_GetVerVein                            0x08002aa9   Thumb Code  1002  fv_feat.o(i.FV_GetVerVein)
    FV_GrabFeatCode                          0x08002ec1   Thumb Code   862  fv_inst.o(i.FV_GrabFeatCode)
    FV_GrabFingerContour                     0x0800329d   Thumb Code   850  fv_corr.o(i.FV_GrabFingerContour)
    FV_GrabVein                              0x08003619   Thumb Code   210  fv_feat.o(i.FV_GrabVein)
    FV_InitBitsCountLut                      0x080036ed   Thumb Code    36  fv_match.o(i.FV_InitBitsCountLut)
    FV_InitCorrEnv                           0x08003715   Thumb Code    48  fv_corr.o(i.FV_InitCorrEnv)
    FV_InitFastMem                           0x08003749   Thumb Code    26  fv_mem.o(i.FV_InitFastMem)
    FV_InitInst                              0x08003769   Thumb Code    44  fv_inst.o(i.FV_InitInst)
    FV_InitMem                               0x08003795   Thumb Code    20  fv_mem.o(i.FV_InitMem)
    FV_InitMemMap                            0x080037ad   Thumb Code   174  fv_mem.o(i.FV_InitMemMap)
    FV_InitSysMem                            0x08003861   Thumb Code    26  fv_mem.o(i.FV_InitSysMem)
    FV_InitVCModule                          0x08003881   Thumb Code    14  fv_match.o(i.FV_InitVCModule)
    FV_Malloc                                0x08003891   Thumb Code   238  fv_mem.o(i.FV_Malloc)
    FV_MallocFast                            0x08003985   Thumb Code    64  fv_mem.o(i.FV_MallocFast)
    FV_Resize                                0x080039c9   Thumb Code   264  fv_cv.o(i.FV_Resize)
    FV_SendInfoMsg                           0x08003ad5   Thumb Code     2  fv_def.o(i.FV_SendInfoMsg)
    FV_SetMemUsed                            0x08003ad9   Thumb Code   274  fv_mem.o(i.FV_SetMemUsed)
    HAL_Delay                                0x08003bf1   Thumb Code    22  stm32f7xx_hal.o(i.HAL_Delay)
    HAL_GPIO_Init                            0x08003c09   Thumb Code   418  stm32f7xx_hal_gpio.o(i.HAL_GPIO_Init)
    HAL_GetTick                              0x08003de1   Thumb Code     6  stm32f7xx_hal.o(i.HAL_GetTick)
    HAL_IncTick                              0x08003ded   Thumb Code    10  stm32f7xx_hal.o(i.HAL_IncTick)
    HAL_Init                                 0x08003dfd   Thumb Code    22  stm32f7xx_hal.o(i.HAL_Init)
    HAL_InitTick                             0x08003e15   Thumb Code    34  stm32f7xx_hal.o(i.HAL_InitTick)
    HAL_MspInit                              0x08003e3d   Thumb Code    88  stm32f7xx_hal_msp.o(i.HAL_MspInit)
    HAL_NVIC_EnableIRQ                       0x08003e95   Thumb Code    22  stm32f7xx_hal_cortex.o(i.HAL_NVIC_EnableIRQ)
    HAL_NVIC_SetPriority                     0x08003ead   Thumb Code    60  stm32f7xx_hal_cortex.o(i.HAL_NVIC_SetPriority)
    HAL_NVIC_SetPriorityGrouping             0x08003eed   Thumb Code    28  stm32f7xx_hal_cortex.o(i.HAL_NVIC_SetPriorityGrouping)
    HAL_PCDEx_ActivateLPM                    0x08003f11   Thumb Code    34  stm32f7xx_hal_pcd_ex.o(i.HAL_PCDEx_ActivateLPM)
    HAL_PCDEx_LPM_Callback                   0x08003f39   Thumb Code    92  usbd_conf.o(i.HAL_PCDEx_LPM_Callback)
    HAL_PCDEx_SetRxFiFo                      0x08003f99   Thumb Code     8  stm32f7xx_hal_pcd_ex.o(i.HAL_PCDEx_SetRxFiFo)
    HAL_PCDEx_SetTxFiFo                      0x08003fa1   Thumb Code    72  stm32f7xx_hal_pcd_ex.o(i.HAL_PCDEx_SetTxFiFo)
    HAL_PCD_ConnectCallback                  0x08003fe9   Thumb Code     8  usbd_conf.o(i.HAL_PCD_ConnectCallback)
    HAL_PCD_DataInStageCallback              0x08003ff1   Thumb Code    18  usbd_conf.o(i.HAL_PCD_DataInStageCallback)
    HAL_PCD_DataOutStageCallback             0x08004003   Thumb Code    20  usbd_conf.o(i.HAL_PCD_DataOutStageCallback)
    HAL_PCD_DisconnectCallback               0x08004017   Thumb Code     8  usbd_conf.o(i.HAL_PCD_DisconnectCallback)
    HAL_PCD_EP_Close                         0x0800401f   Thumb Code    68  stm32f7xx_hal_pcd.o(i.HAL_PCD_EP_Close)
    HAL_PCD_EP_ClrStall                      0x08004063   Thumb Code    80  stm32f7xx_hal_pcd.o(i.HAL_PCD_EP_ClrStall)
    HAL_PCD_EP_GetRxCount                    0x080040b3   Thumb Code    20  stm32f7xx_hal_pcd.o(i.HAL_PCD_EP_GetRxCount)
    HAL_PCD_EP_Open                          0x080040c7   Thumb Code    86  stm32f7xx_hal_pcd.o(i.HAL_PCD_EP_Open)
    HAL_PCD_EP_Receive                       0x0800411d   Thumb Code    68  stm32f7xx_hal_pcd.o(i.HAL_PCD_EP_Receive)
    HAL_PCD_EP_SetStall                      0x08004161   Thumb Code    96  stm32f7xx_hal_pcd.o(i.HAL_PCD_EP_SetStall)
    HAL_PCD_EP_Transmit                      0x080041c1   Thumb Code    68  stm32f7xx_hal_pcd.o(i.HAL_PCD_EP_Transmit)
    HAL_PCD_IRQHandler                       0x08004205   Thumb Code  1268  stm32f7xx_hal_pcd.o(i.HAL_PCD_IRQHandler)
    HAL_PCD_ISOINIncompleteCallback          0x08004741   Thumb Code     8  usbd_conf.o(i.HAL_PCD_ISOINIncompleteCallback)
    HAL_PCD_ISOOUTIncompleteCallback         0x08004749   Thumb Code     8  usbd_conf.o(i.HAL_PCD_ISOOUTIncompleteCallback)
    HAL_PCD_Init                             0x08004751   Thumb Code   208  stm32f7xx_hal_pcd.o(i.HAL_PCD_Init)
    HAL_PCD_MspInit                          0x08004821   Thumb Code   246  usbd_conf.o(i.HAL_PCD_MspInit)
    HAL_PCD_ResetCallback                    0x08004931   Thumb Code    32  usbd_conf.o(i.HAL_PCD_ResetCallback)
    HAL_PCD_ResumeCallback                   0x08004951   Thumb Code     8  usbd_conf.o(i.HAL_PCD_ResumeCallback)
    HAL_PCD_SOFCallback                      0x08004959   Thumb Code     8  usbd_conf.o(i.HAL_PCD_SOFCallback)
    HAL_PCD_SetAddress                       0x08004961   Thumb Code    36  stm32f7xx_hal_pcd.o(i.HAL_PCD_SetAddress)
    HAL_PCD_SetupStageCallback               0x08004985   Thumb Code    14  usbd_conf.o(i.HAL_PCD_SetupStageCallback)
    HAL_PCD_Start                            0x08004993   Thumb Code    42  stm32f7xx_hal_pcd.o(i.HAL_PCD_Start)
    HAL_PCD_SuspendCallback                  0x080049bd   Thumb Code    44  usbd_conf.o(i.HAL_PCD_SuspendCallback)
    HAL_PWREx_EnableOverDrive                0x080049ed   Thumb Code   100  stm32f7xx_hal_pwr_ex.o(i.HAL_PWREx_EnableOverDrive)
    HAL_RCCEx_PeriphCLKConfig                0x08004a59   Thumb Code  1712  stm32f7xx_hal_rcc_ex.o(i.HAL_RCCEx_PeriphCLKConfig)
    HAL_RCC_ClockConfig                      0x0800510d   Thumb Code   338  stm32f7xx_hal_rcc.o(i.HAL_RCC_ClockConfig)
    HAL_RCC_GetHCLKFreq                      0x08005271   Thumb Code     6  stm32f7xx_hal_rcc.o(i.HAL_RCC_GetHCLKFreq)
    HAL_RCC_GetSysClockFreq                  0x0800527d   Thumb Code   120  stm32f7xx_hal_rcc.o(i.HAL_RCC_GetSysClockFreq)
    HAL_RCC_OscConfig                        0x08005301   Thumb Code   850  stm32f7xx_hal_rcc.o(i.HAL_RCC_OscConfig)
    HAL_SYSTICK_CLKSourceConfig              0x0800565d   Thumb Code    24  stm32f7xx_hal_cortex.o(i.HAL_SYSTICK_CLKSourceConfig)
    HAL_SYSTICK_Callback                     0x08005675   Thumb Code     2  stm32f7xx_hal_cortex.o(i.HAL_SYSTICK_Callback)
    HAL_SYSTICK_Config                       0x08005677   Thumb Code    38  stm32f7xx_hal_cortex.o(i.HAL_SYSTICK_Config)
    HAL_SYSTICK_IRQHandler                   0x0800569d   Thumb Code     8  stm32f7xx_hal_cortex.o(i.HAL_SYSTICK_IRQHandler)
    MX_GPIO_Init                             0x080056a5   Thumb Code    86  gpio.o(i.MX_GPIO_Init)
    MX_USB_DEVICE_Init                       0x08005701   Thumb Code    70  usb_device.o(i.MX_USB_DEVICE_Init)
    OTG_FS_IRQHandler                        0x08005789   Thumb Code     6  stm32f7xx_it.o(i.OTG_FS_IRQHandler)
    OTG_HS_IRQHandler                        0x08005795   Thumb Code     6  stm32f7xx_it.o(i.OTG_HS_IRQHandler)
    PendSV_Handler                           0x08005837   Thumb Code     2  stm32f7xx_it.o(i.PendSV_Handler)
    SVC_Handler                              0x08005839   Thumb Code     2  stm32f7xx_it.o(i.SVC_Handler)
    SysTick_Handler                          0x0800583b   Thumb Code    14  stm32f7xx_it.o(i.SysTick_Handler)
    SystemClock_Config                       0x08005849   Thumb Code   170  main.o(i.SystemClock_Config)
    SystemInit                               0x080058fd   Thumb Code    68  system_stm32f7xx.o(i.SystemInit)
    USBD_CDC_GetDeviceQualifierDescriptor    0x080059f5   Thumb Code     8  usbd_cdc.o(i.USBD_CDC_GetDeviceQualifierDescriptor)
    USBD_CDC_ReceivePacket                   0x08005aad   Thumb Code    40  usbd_cdc.o(i.USBD_CDC_ReceivePacket)
    USBD_CDC_RegisterInterface               0x08005ad5   Thumb Code    20  usbd_cdc.o(i.USBD_CDC_RegisterInterface)
    USBD_CDC_SetRxBuffer                     0x08005ae9   Thumb Code    12  usbd_cdc.o(i.USBD_CDC_SetRxBuffer)
    USBD_CDC_SetTxBuffer                     0x08005af5   Thumb Code    16  usbd_cdc.o(i.USBD_CDC_SetTxBuffer)
    USBD_CDC_TransmitPacket                  0x08005b75   Thumb Code    48  usbd_cdc.o(i.USBD_CDC_TransmitPacket)
    USBD_ClrClassConfig                      0x08005ba5   Thumb Code    14  usbd_core.o(i.USBD_ClrClassConfig)
    USBD_CtlContinueRx                       0x08005bb3   Thumb Code    16  usbd_ioreq.o(i.USBD_CtlContinueRx)
    USBD_CtlContinueSendData                 0x08005bc3   Thumb Code    16  usbd_ioreq.o(i.USBD_CtlContinueSendData)
    USBD_CtlError                            0x08005bd3   Thumb Code    22  usbd_ctlreq.o(i.USBD_CtlError)
    USBD_CtlPrepareRx                        0x08005be9   Thumb Code    30  usbd_ioreq.o(i.USBD_CtlPrepareRx)
    USBD_CtlReceiveStatus                    0x08005c07   Thumb Code    22  usbd_ioreq.o(i.USBD_CtlReceiveStatus)
    USBD_CtlSendData                         0x08005c1d   Thumb Code    26  usbd_ioreq.o(i.USBD_CtlSendData)
    USBD_CtlSendStatus                       0x08005c37   Thumb Code    22  usbd_ioreq.o(i.USBD_CtlSendStatus)
    USBD_FS_ConfigStrDescriptor              0x08005c4d   Thumb Code    16  usbd_desc.o(i.USBD_FS_ConfigStrDescriptor)
    USBD_FS_DeviceDescriptor                 0x08005c6d   Thumb Code     8  usbd_desc.o(i.USBD_FS_DeviceDescriptor)
    USBD_FS_InterfaceStrDescriptor           0x08005c79   Thumb Code    16  usbd_desc.o(i.USBD_FS_InterfaceStrDescriptor)
    USBD_FS_LangIDStrDescriptor              0x08005c9d   Thumb Code     8  usbd_desc.o(i.USBD_FS_LangIDStrDescriptor)
    USBD_FS_ManufacturerStrDescriptor        0x08005ca9   Thumb Code    16  usbd_desc.o(i.USBD_FS_ManufacturerStrDescriptor)
    USBD_FS_ProductStrDescriptor             0x08005cd1   Thumb Code    16  usbd_desc.o(i.USBD_FS_ProductStrDescriptor)
    USBD_FS_SerialStrDescriptor              0x08005cfd   Thumb Code    16  usbd_desc.o(i.USBD_FS_SerialStrDescriptor)
    USBD_FS_USR_BOSDescriptor                0x08005d21   Thumb Code     8  usbd_desc.o(i.USBD_FS_USR_BOSDescriptor)
    USBD_GetString                           0x08005e23   Thumb Code    72  usbd_ctlreq.o(i.USBD_GetString)
    USBD_HS_ConfigStrDescriptor              0x08005e6d   Thumb Code    16  usbd_desc.o(i.USBD_HS_ConfigStrDescriptor)
    USBD_HS_DeviceDescriptor                 0x08005e8d   Thumb Code     8  usbd_desc.o(i.USBD_HS_DeviceDescriptor)
    USBD_HS_InterfaceStrDescriptor           0x08005e99   Thumb Code    16  usbd_desc.o(i.USBD_HS_InterfaceStrDescriptor)
    USBD_HS_LangIDStrDescriptor              0x08005ebd   Thumb Code     8  usbd_desc.o(i.USBD_HS_LangIDStrDescriptor)
    USBD_HS_ManufacturerStrDescriptor        0x08005ec9   Thumb Code    16  usbd_desc.o(i.USBD_HS_ManufacturerStrDescriptor)
    USBD_HS_ProductStrDescriptor             0x08005ef1   Thumb Code    16  usbd_desc.o(i.USBD_HS_ProductStrDescriptor)
    USBD_HS_SerialStrDescriptor              0x08005f1d   Thumb Code    16  usbd_desc.o(i.USBD_HS_SerialStrDescriptor)
    USBD_HS_USR_BOSDescriptor                0x08005f41   Thumb Code     8  usbd_desc.o(i.USBD_HS_USR_BOSDescriptor)
    USBD_Init                                0x08005f4d   Thumb Code    42  usbd_core.o(i.USBD_Init)
    USBD_LL_ClearStallEP                     0x08005f77   Thumb Code    32  usbd_conf.o(i.USBD_LL_ClearStallEP)
    USBD_LL_CloseEP                          0x08005f97   Thumb Code    32  usbd_conf.o(i.USBD_LL_CloseEP)
    USBD_LL_DataInStage                      0x08005fb7   Thumb Code   170  usbd_core.o(i.USBD_LL_DataInStage)
    USBD_LL_DataOutStage                     0x08006061   Thumb Code   106  usbd_core.o(i.USBD_LL_DataOutStage)
    USBD_LL_DevConnected                     0x080060cb   Thumb Code     4  usbd_core.o(i.USBD_LL_DevConnected)
    USBD_LL_DevDisconnected                  0x080060cf   Thumb Code    22  usbd_core.o(i.USBD_LL_DevDisconnected)
    USBD_LL_GetRxDataSize                    0x080060e5   Thumb Code     8  usbd_conf.o(i.USBD_LL_GetRxDataSize)
    USBD_LL_Init                             0x080060ed   Thumb Code   180  usbd_conf.o(i.USBD_LL_Init)
    USBD_LL_IsStallEP                        0x080061ad   Thumb Code    32  usbd_conf.o(i.USBD_LL_IsStallEP)
    USBD_LL_IsoINIncomplete                  0x080061cd   Thumb Code     4  usbd_core.o(i.USBD_LL_IsoINIncomplete)
    USBD_LL_IsoOUTIncomplete                 0x080061d1   Thumb Code     4  usbd_core.o(i.USBD_LL_IsoOUTIncomplete)
    USBD_LL_OpenEP                           0x080061d5   Thumb Code    38  usbd_conf.o(i.USBD_LL_OpenEP)
    USBD_LL_PrepareReceive                   0x080061fb   Thumb Code    32  usbd_conf.o(i.USBD_LL_PrepareReceive)
    USBD_LL_Reset                            0x0800621b   Thumb Code    64  usbd_core.o(i.USBD_LL_Reset)
    USBD_LL_Resume                           0x0800625b   Thumb Code    12  usbd_core.o(i.USBD_LL_Resume)
    USBD_LL_SOF                              0x08006267   Thumb Code    24  usbd_core.o(i.USBD_LL_SOF)
    USBD_LL_SetSpeed                         0x0800627f   Thumb Code     6  usbd_core.o(i.USBD_LL_SetSpeed)
    USBD_LL_SetUSBAddress                    0x08006285   Thumb Code    32  usbd_conf.o(i.USBD_LL_SetUSBAddress)
    USBD_LL_SetupStage                       0x080062a5   Thumb Code    86  usbd_core.o(i.USBD_LL_SetupStage)
    USBD_LL_StallEP                          0x080062fb   Thumb Code    32  usbd_conf.o(i.USBD_LL_StallEP)
    USBD_LL_Start                            0x0800631b   Thumb Code    32  usbd_conf.o(i.USBD_LL_Start)
    USBD_LL_Suspend                          0x0800633b   Thumb Code    18  usbd_core.o(i.USBD_LL_Suspend)
    USBD_LL_Transmit                         0x0800634d   Thumb Code    32  usbd_conf.o(i.USBD_LL_Transmit)
    USBD_ParseSetupRequest                   0x0800636d   Thumb Code    40  usbd_ctlreq.o(i.USBD_ParseSetupRequest)
    USBD_RegisterClass                       0x08006395   Thumb Code    18  usbd_core.o(i.USBD_RegisterClass)
    USBD_SetClassConfig                      0x080063a7   Thumb Code    22  usbd_core.o(i.USBD_SetClassConfig)
    USBD_Start                               0x08006431   Thumb Code    10  usbd_core.o(i.USBD_Start)
    USBD_StdDevReq                           0x0800643b   Thumb Code   240  usbd_ctlreq.o(i.USBD_StdDevReq)
    USBD_StdEPReq                            0x0800652b   Thumb Code   222  usbd_ctlreq.o(i.USBD_StdEPReq)
    USBD_StdItfReq                           0x08006609   Thumb Code    52  usbd_ctlreq.o(i.USBD_StdItfReq)
    USB_ActivateEndpoint                     0x0800663d   Thumb Code   124  stm32f7xx_ll_usb.o(i.USB_ActivateEndpoint)
    USB_ActivateSetup                        0x080066bd   Thumb Code    52  stm32f7xx_ll_usb.o(i.USB_ActivateSetup)
    USB_CoreInit                             0x080066f1   Thumb Code   106  stm32f7xx_ll_usb.o(i.USB_CoreInit)
    USB_DeactivateEndpoint                   0x08006799   Thumb Code   110  stm32f7xx_ll_usb.o(i.USB_DeactivateEndpoint)
    USB_DevConnect                           0x08006807   Thumb Code    24  stm32f7xx_ll_usb.o(i.USB_DevConnect)
    USB_DevDisconnect                        0x0800681f   Thumb Code    24  stm32f7xx_ll_usb.o(i.USB_DevDisconnect)
    USB_DevInit                              0x08006839   Thumb Code   342  stm32f7xx_ll_usb.o(i.USB_DevInit)
    USB_DisableGlobalInt                     0x080069a1   Thumb Code    12  stm32f7xx_ll_usb.o(i.USB_DisableGlobalInt)
    USB_EP0StartXfer                         0x080069ad   Thumb Code   316  stm32f7xx_ll_usb.o(i.USB_EP0StartXfer)
    USB_EP0_OutStart                         0x08006aed   Thumb Code    62  stm32f7xx_ll_usb.o(i.USB_EP0_OutStart)
    USB_EPClearStall                         0x08006b2b   Thumb Code   100  stm32f7xx_ll_usb.o(i.USB_EPClearStall)
    USB_EPSetStall                           0x08006b8f   Thumb Code    94  stm32f7xx_ll_usb.o(i.USB_EPSetStall)
    USB_EPStartXfer                          0x08006bed   Thumb Code   534  stm32f7xx_ll_usb.o(i.USB_EPStartXfer)
    USB_EnableGlobalInt                      0x08006e09   Thumb Code    12  stm32f7xx_ll_usb.o(i.USB_EnableGlobalInt)
    USB_FlushRxFifo                          0x08006e15   Thumb Code    28  stm32f7xx_ll_usb.o(i.USB_FlushRxFifo)
    USB_FlushTxFifo                          0x08006e35   Thumb Code    32  stm32f7xx_ll_usb.o(i.USB_FlushTxFifo)
    USB_GetDevSpeed                          0x08006e59   Thumb Code    62  stm32f7xx_ll_usb.o(i.USB_GetDevSpeed)
    USB_GetMode                              0x08006e97   Thumb Code     8  stm32f7xx_ll_usb.o(i.USB_GetMode)
    USB_ReadDevAllInEpInterrupt              0x08006e9f   Thumb Code    14  stm32f7xx_ll_usb.o(i.USB_ReadDevAllInEpInterrupt)
    USB_ReadDevAllOutEpInterrupt             0x08006ead   Thumb Code    14  stm32f7xx_ll_usb.o(i.USB_ReadDevAllOutEpInterrupt)
    USB_ReadDevInEPInterrupt                 0x08006ebb   Thumb Code    32  stm32f7xx_ll_usb.o(i.USB_ReadDevInEPInterrupt)
    USB_ReadDevOutEPInterrupt                0x08006edb   Thumb Code    16  stm32f7xx_ll_usb.o(i.USB_ReadDevOutEPInterrupt)
    USB_ReadInterrupts                       0x08006eeb   Thumb Code     8  stm32f7xx_ll_usb.o(i.USB_ReadInterrupts)
    USB_ReadPacket                           0x08006ef3   Thumb Code    30  stm32f7xx_ll_usb.o(i.USB_ReadPacket)
    USB_SetCurrentMode                       0x08006f11   Thumb Code    44  stm32f7xx_ll_usb.o(i.USB_SetCurrentMode)
    USB_SetDevAddress                        0x08006f3d   Thumb Code    34  stm32f7xx_ll_usb.o(i.USB_SetDevAddress)
    USB_WritePacket                          0x08006f61   Thumb Code    44  stm32f7xx_ll_usb.o(i.USB_WritePacket)
    __0sprintf                               0x08006f8d   Thumb Code    34  printfa.o(i.__0sprintf)
    __1sprintf                               0x08006f8d   Thumb Code     0  printfa.o(i.__0sprintf)
    __2sprintf                               0x08006f8d   Thumb Code     0  printfa.o(i.__0sprintf)
    __c89sprintf                             0x08006f8d   Thumb Code     0  printfa.o(i.__0sprintf)
    sprintf                                  0x08006f8d   Thumb Code     0  printfa.o(i.__0sprintf)
    __hardfp_sqrt                            0x08006fb5   Thumb Code   122  sqrt.o(i.__hardfp_sqrt)
    __scatterload_copy                       0x0800702f   Thumb Code    14  handlers.o(i.__scatterload_copy)
    __scatterload_null                       0x0800703d   Thumb Code     2  handlers.o(i.__scatterload_null)
    __scatterload_zeroinit                   0x0800703f   Thumb Code    14  handlers.o(i.__scatterload_zeroinit)
    __set_errno                              0x0800704d   Thumb Code     6  errno.o(i.__set_errno)
    clrBuf                                   0x08007915   Thumb Code    16  main.o(i.clrBuf)
    free                                     0x08007929   Thumb Code    76  malloc.o(i.free)
    fv_test                                  0x08007979   Thumb Code   132  main.o(i.fv_test)
    main                                     0x08007a21   Thumb Code   248  main.o(i.main)
    malloc                                   0x08007b59   Thumb Code    92  malloc.o(i.malloc)
    AHBPrescTable                            0x0800d844   Data          16  system_stm32f7xx.o(.constdata)
    Region$$Table$$Base                      0x0800d874   Number         0  anon$$obj.o(Region$$Table)
    Region$$Table$$Limit                     0x0800d894   Number         0  anon$$obj.o(Region$$Table)
    FS_Desc                                  0x20000000   Data          32  usbd_desc.o(.data)
    USBD_LangIDDesc                          0x20000020   Data           4  usbd_desc.o(.data)
    USBD_FS_DeviceDesc                       0x20000024   Data          18  usbd_desc.o(.data)
    USBD_FS_BOSDesc                          0x20000038   Data          12  usbd_desc.o(.data)
    USBD_HS_DeviceDesc                       0x20000044   Data          18  usbd_desc.o(.data)
    USBD_HS_BOSDesc                          0x20000058   Data          12  usbd_desc.o(.data)
    HS_Desc                                  0x20000064   Data          32  usbd_desc.o(.data)
    USBD_Interface_fops_FS                   0x20000084   Data          16  usbd_cdc_if.o(.data)
    USBD_Interface_fops_HS                   0x20000094   Data          16  usbd_cdc_if.o(.data)
    UserRxBufferFS                           0x200000a4   Data           4  usbd_cdc_if.o(.data)
    UserTxBufferFS                           0x200000a8   Data           4  usbd_cdc_if.o(.data)
    UserRxBufferHS                           0x200000ac   Data           4  usbd_cdc_if.o(.data)
    UserTxBufferHS                           0x200000b0   Data           4  usbd_cdc_if.o(.data)
    USBD_CDC_CfgHSDesc                       0x200000c4   Data          67  usbd_cdc.o(.data)
    USBD_CDC_CfgFSDesc                       0x20000108   Data          67  usbd_cdc.o(.data)
    USBD_CDC_OtherSpeedCfgDesc               0x2000014c   Data          67  usbd_cdc.o(.data)
    USBD_CDC                                 0x20000190   Data          56  usbd_cdc.o(.data)
    uwTick                                   0x200001cc   Data           4  stm32f7xx_hal.o(.data)
    SystemCoreClock                          0x200001d0   Data           4  system_stm32f7xx.o(.data)
    __microlib_freelist                      0x200001dc   Data           4  mvars.o(.data)
    __microlib_freelist_initialised          0x200001e0   Data           4  mvars.o(.data)
    USBD_StrDesc                             0x200001e8   Data         512  usbd_desc.o(.bss)
    hpcd_USB_OTG_FS                          0x200003e8   Data        1024  usbd_conf.o(.bss)
    hpcd_USB_OTG_HS                          0x200007e8   Data        1024  usbd_conf.o(.bss)
    strbuf                                   0x20000be8   Data         100  main.o(.bss)
    inst                                     0x20000c4c   Data         572  main.o(.bss)
    hUsbDeviceHS                             0x20000e88   Data         548  usb_device.o(.bss)
    hUsbDeviceFS                             0x200010ac   Data         548  usb_device.o(.bss)
    FV_ErrMsg                                0x20001564   Data         256  fv_def.o(.bss)
    FV_InfoMsg                               0x20001664   Data         256  fv_def.o(.bss)
    __heap_base                              0x20001868   Data           0  startup_stm32f746xx.o(HEAP)
    __heap_limit                             0x20002068   Data           0  startup_stm32f746xx.o(HEAP)
    __initial_sp                             0x20003568   Data           0  startup_stm32f746xx.o(STACK)
    fast_addr                                0x20004c00   Data       46080  main.o(.ARM.__AT_0x20004C00)
    sys_addr                                 0x20010000   Data       245760  main.o(.ARM.__AT_0x20010000)



==============================================================================

Memory Map of the image

  Image Entry point : 0x080001c9

  Load Region LR_IROM1 (Base: 0x08000000, Size: 0x0000da7c, Max: 0x00100000, ABSOLUTE, COMPRESSED[0x0000d98c])

    Execution Region ER_IROM1 (Base: 0x08000000, Size: 0x0000d894, Max: 0x00100000, ABSOLUTE)

    Base Addr    Size         Type   Attr      Idx    E Section Name        Object

    0x08000000   0x000001c8   Data   RO         3325    RESET               startup_stm32f746xx.o
    0x080001c8   0x00000000   Code   RO         3748  * .ARM.Collect$$$$00000000  mc_w.l(entry.o)
    0x080001c8   0x00000004   Code   RO         4068    .ARM.Collect$$$$00000001  mc_w.l(entry2.o)
    0x080001cc   0x00000004   Code   RO         4071    .ARM.Collect$$$$00000004  mc_w.l(entry5.o)
    0x080001d0   0x00000000   Code   RO         4073    .ARM.Collect$$$$00000008  mc_w.l(entry7b.o)
    0x080001d0   0x00000000   Code   RO         4075    .ARM.Collect$$$$0000000A  mc_w.l(entry8b.o)
    0x080001d0   0x00000008   Code   RO         4076    .ARM.Collect$$$$0000000B  mc_w.l(entry9a.o)
    0x080001d8   0x00000000   Code   RO         4078    .ARM.Collect$$$$0000000D  mc_w.l(entry10a.o)
    0x080001d8   0x00000000   Code   RO         4080    .ARM.Collect$$$$0000000F  mc_w.l(entry11a.o)
    0x080001d8   0x00000004   Code   RO         4069    .ARM.Collect$$$$00002712  mc_w.l(entry2.o)
    0x080001dc   0x00000024   Code   RO         3326    .text               startup_stm32f746xx.o
    0x08000200   0x00000024   Code   RO         3755    .text               mc_w.l(memcpya.o)
    0x08000224   0x00000024   Code   RO         3757    .text               mc_w.l(memseta.o)
    0x08000248   0x0000000e   Code   RO         3759    .text               mc_w.l(strlen.o)
    0x08000256   0x0000014e   Code   RO         4052    .text               mf_w.l(dadd.o)
    0x080003a4   0x000000e4   Code   RO         4054    .text               mf_w.l(dmul.o)
    0x08000488   0x000000de   Code   RO         4056    .text               mf_w.l(ddiv.o)
    0x08000566   0x00000022   Code   RO         4058    .text               mf_w.l(dflti.o)
    0x08000588   0x0000001a   Code   RO         4060    .text               mf_w.l(dfltui.o)
    0x080005a2   0x0000003e   Code   RO         4062    .text               mf_w.l(dfixi.o)
    0x080005e0   0x00000026   Code   RO         4064    .text               mf_w.l(f2d.o)
    0x08000606   0x00000038   Code   RO         4066    .text               mf_w.l(d2f.o)
    0x0800063e   0x0000002c   Code   RO         4085    .text               mc_w.l(uidiv.o)
    0x0800066a   0x00000062   Code   RO         4087    .text               mc_w.l(uldiv.o)
    0x080006cc   0x0000001e   Code   RO         4089    .text               mc_w.l(llshl.o)
    0x080006ea   0x00000020   Code   RO         4091    .text               mc_w.l(llushr.o)
    0x0800070a   0x00000024   Code   RO         4093    .text               mc_w.l(llsshr.o)
    0x0800072e   0x00000000   Code   RO         4104    .text               mc_w.l(iusefp.o)
    0x0800072e   0x0000006e   Code   RO         4105    .text               mf_w.l(fepilogue.o)
    0x0800079c   0x000000ba   Code   RO         4107    .text               mf_w.l(depilogue.o)
    0x08000856   0x000000a2   Code   RO         4109    .text               mf_w.l(dsqrt.o)
    0x080008f8   0x00000030   Code   RO         4111    .text               mf_w.l(dfixul.o)
    0x08000928   0x00000030   Code   RO         4115    .text               mf_w.l(cdrcmple.o)
    0x08000958   0x00000024   Code   RO         4117    .text               mc_w.l(init.o)
    0x0800097c   0x00000056   Code   RO         4129    .text               mc_w.l(__dczerorl2.o)
    0x080009d2   0x00000004   Code   RO          796    i.CDC_Control_FS    usbd_cdc_if.o
    0x080009d6   0x00000004   Code   RO          797    i.CDC_Control_HS    usbd_cdc_if.o
    0x080009da   0x00000004   Code   RO          798    i.CDC_DeInit_FS     usbd_cdc_if.o
    0x080009de   0x00000004   Code   RO          799    i.CDC_DeInit_HS     usbd_cdc_if.o
    0x080009e2   0x00000002   PAD
    0x080009e4   0x00000024   Code   RO          800    i.CDC_Init_FS       usbd_cdc_if.o
    0x08000a08   0x00000024   Code   RO          801    i.CDC_Init_HS       usbd_cdc_if.o
    0x08000a2c   0x00000018   Code   RO          802    i.CDC_Receive_FS    usbd_cdc_if.o
    0x08000a44   0x00000018   Code   RO          803    i.CDC_Receive_HS    usbd_cdc_if.o
    0x08000a5c   0x0000002c   Code   RO          805    i.CDC_Transmit_HS   usbd_cdc_if.o
    0x08000a88   0x0000001c   Code   RO          545    i.Error_Handler     main.o
    0x08000aa4   0x00000058   Code   RO         3527    i.FV_AssertMemEmpty  fv_mem.o
    0x08000afc   0x00000124   Code   RO         3368    i.FV_CalcFingerRotate  fv_corr.o
    0x08000c20   0x000003e0   Code   RO         3650    i.FV_CalcMinMisrate  fv_match.o
    0x08001000   0x0000001a   Code   RO         3691    i.FV_CalcMisMR      fv_inst.o
    0x0800101a   0x0000000a   Code   RO         3528    i.FV_ClearMem       fv_mem.o
    0x08001024   0x000001e4   Code   RO         3461    i.FV_ConnVein       fv_feat.o
    0x08001208   0x0000006e   Code   RO         3425    i.FV_CopyRect       fv_cv.o
    0x08001276   0x00000002   PAD
    0x08001278   0x000002b0   Code   RO         3369    i.FV_CorrFingerRotate  fv_corr.o
    0x08001528   0x00000004   Code   RO         3692    i.FV_DeInitInst     fv_inst.o
    0x0800152c   0x00000002   Code   RO         3625    i.FV_ErrorHandler   fv_def.o
    0x0800152e   0x00000002   PAD
    0x08001530   0x0000006c   Code   RO         3529    i.FV_Free           fv_mem.o
    0x0800159c   0x00000138   Code   RO         3426    i.FV_GausBlur       fv_cv.o
    0x080016d4   0x000001a4   Code   RO         3651    i.FV_GenerateVeinCode  fv_match.o
    0x08001878   0x000002b4   Code   RO         3462    i.FV_GetBinVein     fv_feat.o
    0x08001b2c   0x00000476   Code   RO         3463    i.FV_GetDiagVein    fv_feat.o
    0x08001fa2   0x00000002   PAD
    0x08001fa4   0x00000080   Code   RO         3427    i.FV_GetGausKernel  fv_cv.o
    0x08002024   0x000003c0   Code   RO         3464    i.FV_GetHorVein     fv_feat.o
    0x080023e4   0x0000047c   Code   RO         3465    i.FV_GetInvDiagVein  fv_feat.o
    0x08002860   0x0000003c   Code   RO         3530    i.FV_GetMemAddr     fv_mem.o
    0x0800289c   0x00000064   Code   RO         3531    i.FV_GetMemId       fv_mem.o
    0x08002900   0x0000018c   Code   RO         3466    i.FV_GetNormImg     fv_feat.o
    0x08002a8c   0x00000016   Code   RO         3693    i.FV_GetOriImgAddr  fv_inst.o
    0x08002aa2   0x00000004   Code   RO         3694    i.FV_GetTmplAddr    fv_inst.o
    0x08002aa6   0x00000002   PAD
    0x08002aa8   0x00000418   Code   RO         3467    i.FV_GetVerVein     fv_feat.o
    0x08002ec0   0x000003dc   Code   RO         3695    i.FV_GrabFeatCode   fv_inst.o
    0x0800329c   0x0000037c   Code   RO         3371    i.FV_GrabFingerContour  fv_corr.o
    0x08003618   0x000000d2   Code   RO         3468    i.FV_GrabVein       fv_feat.o
    0x080036ea   0x00000002   PAD
    0x080036ec   0x00000028   Code   RO         3652    i.FV_InitBitsCountLut  fv_match.o
    0x08003714   0x00000034   Code   RO         3372    i.FV_InitCorrEnv    fv_corr.o
    0x08003748   0x00000020   Code   RO         3532    i.FV_InitFastMem    fv_mem.o
    0x08003768   0x0000002c   Code   RO         3696    i.FV_InitInst       fv_inst.o
    0x08003794   0x00000018   Code   RO         3533    i.FV_InitMem        fv_mem.o
    0x080037ac   0x000000b4   Code   RO         3534    i.FV_InitMemMap     fv_mem.o
    0x08003860   0x00000020   Code   RO         3535    i.FV_InitSysMem     fv_mem.o
    0x08003880   0x0000000e   Code   RO         3653    i.FV_InitVCModule   fv_match.o
    0x0800388e   0x00000002   PAD
    0x08003890   0x000000f4   Code   RO         3536    i.FV_Malloc         fv_mem.o
    0x08003984   0x00000044   Code   RO         3537    i.FV_MallocFast     fv_mem.o
    0x080039c8   0x0000010c   Code   RO         3428    i.FV_Resize         fv_cv.o
    0x08003ad4   0x00000002   Code   RO         3626    i.FV_SendInfoMsg    fv_def.o
    0x08003ad6   0x00000002   PAD
    0x08003ad8   0x00000118   Code   RO         3538    i.FV_SetMemUsed     fv_mem.o
    0x08003bf0   0x00000016   Code   RO         2632    i.HAL_Delay         stm32f7xx_hal.o
    0x08003c06   0x00000002   PAD
    0x08003c08   0x000001d8   Code   RO         2001    i.HAL_GPIO_Init     stm32f7xx_hal_gpio.o
    0x08003de0   0x0000000c   Code   RO         2640    i.HAL_GetTick       stm32f7xx_hal.o
    0x08003dec   0x00000010   Code   RO         2641    i.HAL_IncTick       stm32f7xx_hal.o
    0x08003dfc   0x00000016   Code   RO         2642    i.HAL_Init          stm32f7xx_hal.o
    0x08003e12   0x00000002   PAD
    0x08003e14   0x00000028   Code   RO         2643    i.HAL_InitTick      stm32f7xx_hal.o
    0x08003e3c   0x00000058   Code   RO          521    i.HAL_MspInit       stm32f7xx_hal_msp.o
    0x08003e94   0x00000016   Code   RO         3166    i.HAL_NVIC_EnableIRQ  stm32f7xx_hal_cortex.o
    0x08003eaa   0x00000002   PAD
    0x08003eac   0x00000040   Code   RO         3172    i.HAL_NVIC_SetPriority  stm32f7xx_hal_cortex.o
    0x08003eec   0x00000024   Code   RO         3173    i.HAL_NVIC_SetPriorityGrouping  stm32f7xx_hal_cortex.o
    0x08003f10   0x00000028   Code   RO         2820    i.HAL_PCDEx_ActivateLPM  stm32f7xx_hal_pcd_ex.o
    0x08003f38   0x00000060   Code   RO          274    i.HAL_PCDEx_LPM_Callback  usbd_conf.o
    0x08003f98   0x00000008   Code   RO         2823    i.HAL_PCDEx_SetRxFiFo  stm32f7xx_hal_pcd_ex.o
    0x08003fa0   0x00000048   Code   RO         2824    i.HAL_PCDEx_SetTxFiFo  stm32f7xx_hal_pcd_ex.o
    0x08003fe8   0x00000008   Code   RO          275    i.HAL_PCD_ConnectCallback  usbd_conf.o
    0x08003ff0   0x00000012   Code   RO          276    i.HAL_PCD_DataInStageCallback  usbd_conf.o
    0x08004002   0x00000014   Code   RO          277    i.HAL_PCD_DataOutStageCallback  usbd_conf.o
    0x08004016   0x00000008   Code   RO          278    i.HAL_PCD_DisconnectCallback  usbd_conf.o
    0x0800401e   0x00000044   Code   RO         2419    i.HAL_PCD_EP_Close  stm32f7xx_hal_pcd.o
    0x08004062   0x00000050   Code   RO         2420    i.HAL_PCD_EP_ClrStall  stm32f7xx_hal_pcd.o
    0x080040b2   0x00000014   Code   RO         2422    i.HAL_PCD_EP_GetRxCount  stm32f7xx_hal_pcd.o
    0x080040c6   0x00000056   Code   RO         2423    i.HAL_PCD_EP_Open   stm32f7xx_hal_pcd.o
    0x0800411c   0x00000044   Code   RO         2424    i.HAL_PCD_EP_Receive  stm32f7xx_hal_pcd.o
    0x08004160   0x00000060   Code   RO         2425    i.HAL_PCD_EP_SetStall  stm32f7xx_hal_pcd.o
    0x080041c0   0x00000044   Code   RO         2426    i.HAL_PCD_EP_Transmit  stm32f7xx_hal_pcd.o
    0x08004204   0x0000053c   Code   RO         2428    i.HAL_PCD_IRQHandler  stm32f7xx_hal_pcd.o
    0x08004740   0x00000008   Code   RO          279    i.HAL_PCD_ISOINIncompleteCallback  usbd_conf.o
    0x08004748   0x00000008   Code   RO          280    i.HAL_PCD_ISOOUTIncompleteCallback  usbd_conf.o
    0x08004750   0x000000d0   Code   RO         2431    i.HAL_PCD_Init      stm32f7xx_hal_pcd.o
    0x08004820   0x00000110   Code   RO          282    i.HAL_PCD_MspInit   usbd_conf.o
    0x08004930   0x00000020   Code   RO          283    i.HAL_PCD_ResetCallback  usbd_conf.o
    0x08004950   0x00000008   Code   RO          284    i.HAL_PCD_ResumeCallback  usbd_conf.o
    0x08004958   0x00000008   Code   RO          285    i.HAL_PCD_SOFCallback  usbd_conf.o
    0x08004960   0x00000024   Code   RO         2437    i.HAL_PCD_SetAddress  stm32f7xx_hal_pcd.o
    0x08004984   0x0000000e   Code   RO          286    i.HAL_PCD_SetupStageCallback  usbd_conf.o
    0x08004992   0x0000002a   Code   RO         2439    i.HAL_PCD_Start     stm32f7xx_hal_pcd.o
    0x080049bc   0x00000030   Code   RO          287    i.HAL_PCD_SuspendCallback  usbd_conf.o
    0x080049ec   0x0000006c   Code   RO         2914    i.HAL_PWREx_EnableOverDrive  stm32f7xx_hal_pwr_ex.o
    0x08004a58   0x000006b4   Code   RO         2870    i.HAL_RCCEx_PeriphCLKConfig  stm32f7xx_hal_rcc_ex.o
    0x0800510c   0x00000164   Code   RO         1469    i.HAL_RCC_ClockConfig  stm32f7xx_hal_rcc.o
    0x08005270   0x0000000c   Code   RO         1474    i.HAL_RCC_GetHCLKFreq  stm32f7xx_hal_rcc.o
    0x0800527c   0x00000084   Code   RO         1478    i.HAL_RCC_GetSysClockFreq  stm32f7xx_hal_rcc.o
    0x08005300   0x0000035c   Code   RO         1481    i.HAL_RCC_OscConfig  stm32f7xx_hal_rcc.o
    0x0800565c   0x00000018   Code   RO         3175    i.HAL_SYSTICK_CLKSourceConfig  stm32f7xx_hal_cortex.o
    0x08005674   0x00000002   Code   RO         3176    i.HAL_SYSTICK_Callback  stm32f7xx_hal_cortex.o
    0x08005676   0x00000026   Code   RO         3177    i.HAL_SYSTICK_Config  stm32f7xx_hal_cortex.o
    0x0800569c   0x00000008   Code   RO         3178    i.HAL_SYSTICK_IRQHandler  stm32f7xx_hal_cortex.o
    0x080056a4   0x0000005c   Code   RO            4    i.MX_GPIO_Init      gpio.o
    0x08005700   0x00000064   Code   RO          754    i.MX_USB_DEVICE_Init  usb_device.o
    0x08005764   0x00000022   Code   RO         3179    i.NVIC_SetPriority  stm32f7xx_hal_cortex.o
    0x08005786   0x00000002   PAD
    0x08005788   0x0000000c   Code   RO          469    i.OTG_FS_IRQHandler  stm32f7xx_it.o
    0x08005794   0x0000000c   Code   RO          470    i.OTG_HS_IRQHandler  stm32f7xx_it.o
    0x080057a0   0x00000096   Code   RO         2442    i.PCD_WriteEmptyTxFifo  stm32f7xx_hal_pcd.o
    0x08005836   0x00000002   Code   RO          471    i.PendSV_Handler    stm32f7xx_it.o
    0x08005838   0x00000002   Code   RO          472    i.SVC_Handler       stm32f7xx_it.o
    0x0800583a   0x0000000e   Code   RO          473    i.SysTick_Handler   stm32f7xx_it.o
    0x08005848   0x000000b4   Code   RO          546    i.SystemClock_Config  main.o
    0x080058fc   0x00000054   Code   RO         3334    i.SystemInit        system_stm32f7xx.o
    0x08005950   0x00000014   Code   RO         1013    i.USBD_CDC_DataIn   usbd_cdc.o
    0x08005964   0x0000002e   Code   RO         1014    i.USBD_CDC_DataOut  usbd_cdc.o
    0x08005992   0x0000003c   Code   RO         1015    i.USBD_CDC_DeInit   usbd_cdc.o
    0x080059ce   0x00000024   Code   RO         1016    i.USBD_CDC_EP0_RxReady  usbd_cdc.o
    0x080059f2   0x00000002   PAD
    0x080059f4   0x0000000c   Code   RO         1017    i.USBD_CDC_GetDeviceQualifierDescriptor  usbd_cdc.o
    0x08005a00   0x0000000c   Code   RO         1018    i.USBD_CDC_GetFSCfgDesc  usbd_cdc.o
    0x08005a0c   0x0000000c   Code   RO         1019    i.USBD_CDC_GetHSCfgDesc  usbd_cdc.o
    0x08005a18   0x0000000c   Code   RO         1020    i.USBD_CDC_GetOtherSpeedCfgDesc  usbd_cdc.o
    0x08005a24   0x00000088   Code   RO         1021    i.USBD_CDC_Init     usbd_cdc.o
    0x08005aac   0x00000028   Code   RO         1022    i.USBD_CDC_ReceivePacket  usbd_cdc.o
    0x08005ad4   0x00000014   Code   RO         1023    i.USBD_CDC_RegisterInterface  usbd_cdc.o
    0x08005ae8   0x0000000c   Code   RO         1024    i.USBD_CDC_SetRxBuffer  usbd_cdc.o
    0x08005af4   0x00000010   Code   RO         1025    i.USBD_CDC_SetTxBuffer  usbd_cdc.o
    0x08005b04   0x00000070   Code   RO         1026    i.USBD_CDC_Setup    usbd_cdc.o
    0x08005b74   0x00000030   Code   RO         1027    i.USBD_CDC_TransmitPacket  usbd_cdc.o
    0x08005ba4   0x0000000e   Code   RO          875    i.USBD_ClrClassConfig  usbd_core.o
    0x08005bb2   0x00000010   Code   RO         1119    i.USBD_CtlContinueRx  usbd_ioreq.o
    0x08005bc2   0x00000010   Code   RO         1120    i.USBD_CtlContinueSendData  usbd_ioreq.o
    0x08005bd2   0x00000016   Code   RO         1179    i.USBD_CtlError     usbd_ctlreq.o
    0x08005be8   0x0000001e   Code   RO         1121    i.USBD_CtlPrepareRx  usbd_ioreq.o
    0x08005c06   0x00000016   Code   RO         1122    i.USBD_CtlReceiveStatus  usbd_ioreq.o
    0x08005c1c   0x0000001a   Code   RO         1123    i.USBD_CtlSendData  usbd_ioreq.o
    0x08005c36   0x00000016   Code   RO         1124    i.USBD_CtlSendStatus  usbd_ioreq.o
    0x08005c4c   0x00000020   Code   RO          130    i.USBD_FS_ConfigStrDescriptor  usbd_desc.o
    0x08005c6c   0x0000000c   Code   RO          131    i.USBD_FS_DeviceDescriptor  usbd_desc.o
    0x08005c78   0x00000024   Code   RO          132    i.USBD_FS_InterfaceStrDescriptor  usbd_desc.o
    0x08005c9c   0x0000000c   Code   RO          133    i.USBD_FS_LangIDStrDescriptor  usbd_desc.o
    0x08005ca8   0x00000028   Code   RO          134    i.USBD_FS_ManufacturerStrDescriptor  usbd_desc.o
    0x08005cd0   0x0000002c   Code   RO          135    i.USBD_FS_ProductStrDescriptor  usbd_desc.o
    0x08005cfc   0x00000024   Code   RO          136    i.USBD_FS_SerialStrDescriptor  usbd_desc.o
    0x08005d20   0x0000000c   Code   RO          137    i.USBD_FS_USR_BOSDescriptor  usbd_desc.o
    0x08005d2c   0x000000f6   Code   RO         1180    i.USBD_GetDescriptor  usbd_ctlreq.o
    0x08005e22   0x00000048   Code   RO         1181    i.USBD_GetString    usbd_ctlreq.o
    0x08005e6a   0x00000002   PAD
    0x08005e6c   0x00000020   Code   RO          138    i.USBD_HS_ConfigStrDescriptor  usbd_desc.o
    0x08005e8c   0x0000000c   Code   RO          139    i.USBD_HS_DeviceDescriptor  usbd_desc.o
    0x08005e98   0x00000024   Code   RO          140    i.USBD_HS_InterfaceStrDescriptor  usbd_desc.o
    0x08005ebc   0x0000000c   Code   RO          141    i.USBD_HS_LangIDStrDescriptor  usbd_desc.o
    0x08005ec8   0x00000028   Code   RO          142    i.USBD_HS_ManufacturerStrDescriptor  usbd_desc.o
    0x08005ef0   0x0000002c   Code   RO          143    i.USBD_HS_ProductStrDescriptor  usbd_desc.o
    0x08005f1c   0x00000024   Code   RO          144    i.USBD_HS_SerialStrDescriptor  usbd_desc.o
    0x08005f40   0x0000000c   Code   RO          145    i.USBD_HS_USR_BOSDescriptor  usbd_desc.o
    0x08005f4c   0x0000002a   Code   RO          877    i.USBD_Init         usbd_core.o
    0x08005f76   0x00000020   Code   RO          288    i.USBD_LL_ClearStallEP  usbd_conf.o
    0x08005f96   0x00000020   Code   RO          289    i.USBD_LL_CloseEP   usbd_conf.o
    0x08005fb6   0x000000aa   Code   RO          878    i.USBD_LL_DataInStage  usbd_core.o
    0x08006060   0x0000006a   Code   RO          879    i.USBD_LL_DataOutStage  usbd_core.o
    0x080060ca   0x00000004   Code   RO          880    i.USBD_LL_DevConnected  usbd_core.o
    0x080060ce   0x00000016   Code   RO          881    i.USBD_LL_DevDisconnected  usbd_core.o
    0x080060e4   0x00000008   Code   RO          293    i.USBD_LL_GetRxDataSize  usbd_conf.o
    0x080060ec   0x000000c0   Code   RO          294    i.USBD_LL_Init      usbd_conf.o
    0x080061ac   0x00000020   Code   RO          295    i.USBD_LL_IsStallEP  usbd_conf.o
    0x080061cc   0x00000004   Code   RO          882    i.USBD_LL_IsoINIncomplete  usbd_core.o
    0x080061d0   0x00000004   Code   RO          883    i.USBD_LL_IsoOUTIncomplete  usbd_core.o
    0x080061d4   0x00000026   Code   RO          296    i.USBD_LL_OpenEP    usbd_conf.o
    0x080061fa   0x00000020   Code   RO          297    i.USBD_LL_PrepareReceive  usbd_conf.o
    0x0800621a   0x00000040   Code   RO          884    i.USBD_LL_Reset     usbd_core.o
    0x0800625a   0x0000000c   Code   RO          885    i.USBD_LL_Resume    usbd_core.o
    0x08006266   0x00000018   Code   RO          886    i.USBD_LL_SOF       usbd_core.o
    0x0800627e   0x00000006   Code   RO          887    i.USBD_LL_SetSpeed  usbd_core.o
    0x08006284   0x00000020   Code   RO          298    i.USBD_LL_SetUSBAddress  usbd_conf.o
    0x080062a4   0x00000056   Code   RO          888    i.USBD_LL_SetupStage  usbd_core.o
    0x080062fa   0x00000020   Code   RO          299    i.USBD_LL_StallEP   usbd_conf.o
    0x0800631a   0x00000020   Code   RO          300    i.USBD_LL_Start     usbd_conf.o
    0x0800633a   0x00000012   Code   RO          889    i.USBD_LL_Suspend   usbd_core.o
    0x0800634c   0x00000020   Code   RO          302    i.USBD_LL_Transmit  usbd_conf.o
    0x0800636c   0x00000028   Code   RO         1182    i.USBD_ParseSetupRequest  usbd_ctlreq.o
    0x08006394   0x00000012   Code   RO          890    i.USBD_RegisterClass  usbd_core.o
    0x080063a6   0x00000016   Code   RO          892    i.USBD_SetClassConfig  usbd_core.o
    0x080063bc   0x00000074   Code   RO         1183    i.USBD_SetConfig    usbd_ctlreq.o
    0x08006430   0x0000000a   Code   RO          893    i.USBD_Start        usbd_core.o
    0x0800643a   0x000000f0   Code   RO         1184    i.USBD_StdDevReq    usbd_ctlreq.o
    0x0800652a   0x000000de   Code   RO         1185    i.USBD_StdEPReq     usbd_ctlreq.o
    0x08006608   0x00000034   Code   RO         1186    i.USBD_StdItfReq    usbd_ctlreq.o
    0x0800663c   0x00000080   Code   RO         2129    i.USB_ActivateEndpoint  stm32f7xx_ll_usb.o
    0x080066bc   0x00000034   Code   RO         2130    i.USB_ActivateSetup  stm32f7xx_ll_usb.o
    0x080066f0   0x00000070   Code   RO         2132    i.USB_CoreInit      stm32f7xx_ll_usb.o
    0x08006760   0x00000038   Code   RO         2133    i.USB_CoreReset     stm32f7xx_ll_usb.o
    0x08006798   0x0000006e   Code   RO         2135    i.USB_DeactivateEndpoint  stm32f7xx_ll_usb.o
    0x08006806   0x00000018   Code   RO         2136    i.USB_DevConnect    stm32f7xx_ll_usb.o
    0x0800681e   0x00000018   Code   RO         2137    i.USB_DevDisconnect  stm32f7xx_ll_usb.o
    0x08006836   0x00000002   PAD
    0x08006838   0x00000168   Code   RO         2138    i.USB_DevInit       stm32f7xx_ll_usb.o
    0x080069a0   0x0000000c   Code   RO         2139    i.USB_DisableGlobalInt  stm32f7xx_ll_usb.o
    0x080069ac   0x00000140   Code   RO         2142    i.USB_EP0StartXfer  stm32f7xx_ll_usb.o
    0x08006aec   0x0000003e   Code   RO         2143    i.USB_EP0_OutStart  stm32f7xx_ll_usb.o
    0x08006b2a   0x00000064   Code   RO         2144    i.USB_EPClearStall  stm32f7xx_ll_usb.o
    0x08006b8e   0x0000005e   Code   RO         2145    i.USB_EPSetStall    stm32f7xx_ll_usb.o
    0x08006bec   0x0000021c   Code   RO         2146    i.USB_EPStartXfer   stm32f7xx_ll_usb.o
    0x08006e08   0x0000000c   Code   RO         2147    i.USB_EnableGlobalInt  stm32f7xx_ll_usb.o
    0x08006e14   0x00000020   Code   RO         2148    i.USB_FlushRxFifo   stm32f7xx_ll_usb.o
    0x08006e34   0x00000024   Code   RO         2149    i.USB_FlushTxFifo   stm32f7xx_ll_usb.o
    0x08006e58   0x0000003e   Code   RO         2151    i.USB_GetDevSpeed   stm32f7xx_ll_usb.o
    0x08006e96   0x00000008   Code   RO         2153    i.USB_GetMode       stm32f7xx_ll_usb.o
    0x08006e9e   0x0000000e   Code   RO         2160    i.USB_ReadDevAllInEpInterrupt  stm32f7xx_ll_usb.o
    0x08006eac   0x0000000e   Code   RO         2161    i.USB_ReadDevAllOutEpInterrupt  stm32f7xx_ll_usb.o
    0x08006eba   0x00000020   Code   RO         2162    i.USB_ReadDevInEPInterrupt  stm32f7xx_ll_usb.o
    0x08006eda   0x00000010   Code   RO         2163    i.USB_ReadDevOutEPInterrupt  stm32f7xx_ll_usb.o
    0x08006eea   0x00000008   Code   RO         2164    i.USB_ReadInterrupts  stm32f7xx_ll_usb.o
    0x08006ef2   0x0000001e   Code   RO         2165    i.USB_ReadPacket    stm32f7xx_ll_usb.o
    0x08006f10   0x0000002c   Code   RO         2167    i.USB_SetCurrentMode  stm32f7xx_ll_usb.o
    0x08006f3c   0x00000022   Code   RO         2168    i.USB_SetDevAddress  stm32f7xx_ll_usb.o
    0x08006f5e   0x00000002   PAD
    0x08006f60   0x0000002c   Code   RO         2172    i.USB_WritePacket   stm32f7xx_ll_usb.o
    0x08006f8c   0x00000028   Code   RO         3998    i.__0sprintf        mc_w.l(printfa.o)
    0x08006fb4   0x0000007a   Code   RO         3736    i.__hardfp_sqrt     m_wm.l(sqrt.o)
    0x0800702e   0x0000000e   Code   RO         4123    i.__scatterload_copy  mc_w.l(handlers.o)
    0x0800703c   0x00000002   Code   RO         4124    i.__scatterload_null  mc_w.l(handlers.o)
    0x0800703e   0x0000000e   Code   RO         4125    i.__scatterload_zeroinit  mc_w.l(handlers.o)
    0x0800704c   0x0000000c   Code   RO         4099    i.__set_errno       mc_w.l(errno.o)
    0x08007058   0x00000184   Code   RO         4003    i._fp_digits        mc_w.l(printfa.o)
    0x080071dc   0x000006dc   Code   RO         4004    i._printf_core      mc_w.l(printfa.o)
    0x080078b8   0x00000024   Code   RO         4005    i._printf_post_padding  mc_w.l(printfa.o)
    0x080078dc   0x0000002e   Code   RO         4006    i._printf_pre_padding  mc_w.l(printfa.o)
    0x0800790a   0x0000000a   Code   RO         4008    i._sputc            mc_w.l(printfa.o)
    0x08007914   0x00000014   Code   RO          547    i.clrBuf            main.o
    0x08007928   0x00000050   Code   RO         4024    i.free              mc_w.l(malloc.o)
    0x08007978   0x000000a8   Code   RO          548    i.fv_test           main.o
    0x08007a20   0x00000138   Code   RO          549    i.main              main.o
    0x08007b58   0x0000006c   Code   RO         4025    i.malloc            mc_w.l(malloc.o)
    0x08007bc4   0x00005c80   Data   RO          553    .constdata          main.o
    0x0800d844   0x00000010   Data   RO         3335    .constdata          system_stm32f7xx.o
    0x0800d854   0x00000020   Data   RO         3374    .constdata          fv_corr.o
    0x0800d874   0x00000020   Data   RO         4121    Region$$Table       anon$$obj.o


    Execution Region RW_IRAM1 (Base: 0x20000000, Size: 0x0004c000, Max: 0x00050000, ABSOLUTE, COMPRESSED[0x000000f8])

    Base Addr    Size         Type   Attr      Idx    E Section Name        Object

    0x20000000   0x00000020   Data   RW          147    .data               usbd_desc.o
    0x20000020   0x00000044   Data   RW          148    .data               usbd_desc.o
    0x20000064   0x00000020   Data   RW          149    .data               usbd_desc.o
    0x20000084   0x00000010   Data   RW          806    .data               usbd_cdc_if.o
    0x20000094   0x00000010   Data   RW          807    .data               usbd_cdc_if.o
    0x200000a4   0x00000010   Data   RW          808    .data               usbd_cdc_if.o
    0x200000b4   0x000000db   Data   RW         1028    .data               usbd_cdc.o
    0x2000018f   0x00000001   PAD
    0x20000190   0x00000038   Data   RW         1029    .data               usbd_cdc.o
    0x200001c8   0x00000001   Data   RW         1187    .data               usbd_ctlreq.o
    0x200001c9   0x00000003   PAD
    0x200001cc   0x00000004   Data   RW         2648    .data               stm32f7xx_hal.o
    0x200001d0   0x00000004   Data   RW         3337    .data               system_stm32f7xx.o
    0x200001d4   0x00000004   Data   RW         3375    .data               fv_corr.o
    0x200001d8   0x00000004   Data   RW         3469    .data               fv_feat.o
    0x200001dc   0x00000004   Data   RW         4095    .data               mc_w.l(mvars.o)
    0x200001e0   0x00000004   Data   RW         4096    .data               mc_w.l(mvars.o)
    0x200001e4   0x00000004   Data   RW         4100    .data               mc_w.l(errno.o)
    0x200001e8   0x00000200   Zero   RW          146    .bss                usbd_desc.o
    0x200003e8   0x00000800   Zero   RW          303    .bss                usbd_conf.o
    0x20000be8   0x000002a0   Zero   RW          552    .bss                main.o
    0x20000e88   0x00000448   Zero   RW          755    .bss                usb_device.o
    0x200012d0   0x00000100   Zero   RW         3373    .bss                fv_corr.o
    0x200013d0   0x00000194   Zero   RW         3540    .bss                fv_mem.o
    0x20001564   0x00000100   Zero   RW         3627    .bss                fv_def.o
    0x20001664   0x00000100   Zero   RW         3628    .bss                fv_def.o
    0x20001764   0x00000100   Zero   RW         3655    .bss                fv_match.o
    0x20001864   0x00000004   PAD
    0x20001868   0x00000800   Zero   RW         3324    HEAP                startup_stm32f746xx.o
    0x20002068   0x00001500   Zero   RW         3323    STACK               startup_stm32f746xx.o
    0x20003568   0x00001698   PAD
    0x20004c00   0x0000b400   Zero   RW          550    .ARM.__AT_0x20004C00  main.o
    0x20010000   0x0003c000   Zero   RW          551    .ARM.__AT_0x20010000  main.o


==============================================================================

Image component sizes


      Code (inc. data)   RO Data    RW Data    ZI Data      Debug   Object Name

      1924        108         32          4        256      12035   fv_corr.o
       818         22          0          0          0       5479   fv_cv.o
         4          0          0          0        512       1562   fv_def.o
      6080        272          0          4          0      24517   fv_feat.o
      1088        126          0          0          0       5779   fv_inst.o
      1466         46          0          0        256       8586   fv_match.o
      1226         62          0          0        404       9964   fv_mem.o
        92          6          0          0          0     748107   gpio.o
       708        120      23680          0     292512     767720   main.o
        36          8        456          0       7424        804   startup_stm32f746xx.o
       112         18          0          4          0       3763   stm32f7xx_hal.o
       228         12          0          0          0      37213   stm32f7xx_hal_cortex.o
       472         54          0          0          0       1912   stm32f7xx_hal_gpio.o
        88          0          0          0          0        526   stm32f7xx_hal_msp.o
      2262         72          0          0          0      11513   stm32f7xx_hal_pcd.o
       120          6          0          0          0       2496   stm32f7xx_hal_pcd_ex.o
       108          8          0          0          0       1264   stm32f7xx_hal_pwr_ex.o
      1360         46          0          0          0       4470   stm32f7xx_hal_rcc.o
      1716         16          0          0          0       2416   stm32f7xx_hal_rcc_ex.o
        42         12          0          0          0       2301   stm32f7xx_it.o
      2380         52          0          0          0      20471   stm32f7xx_ll_usb.o
        84         16         16          4          0       1223   system_stm32f7xx.o
       100         30          0          0       1096       2460   usb_device.o
       594         20          0        275          0      13046   usbd_cdc.o
       180         34          0         48          0       5410   usbd_cdc_if.o
      1042         46          0          0       2048      15499   usbd_conf.o
       626          0          0          0          0      11978   usbd_core.o
      1010         20          0          1          0       8052   usbd_ctlreq.o
       448        240          0        132        512      15227   usbd_desc.o
       132          0          0          0          0       4528   usbd_ioreq.o

    ----------------------------------------------------------------------
     26578       1472      24216        476     310808    1750321   Object Totals
         0          0         32          0          0          0   (incl. Generated)
        32          0          0          4       5788          0   (incl. Padding)

    ----------------------------------------------------------------------

      Code (inc. data)   RO Data    RW Data    ZI Data      Debug   Library Member Name

       122          0          0          0          0        148   sqrt.o
        86          0          0          0          0          0   __dczerorl2.o
         0          0          0          0          0          0   entry.o
         0          0          0          0          0          0   entry10a.o
         0          0          0          0          0          0   entry11a.o
         8          4          0          0          0          0   entry2.o
         4          0          0          0          0          0   entry5.o
         0          0          0          0          0          0   entry7b.o
         0          0          0          0          0          0   entry8b.o
         8          4          0          0          0          0   entry9a.o
        12          6          0          4          0         68   errno.o
        30          0          0          0          0          0   handlers.o
        36          8          0          0          0         68   init.o
         0          0          0          0          0          0   iusefp.o
        30          0          0          0          0         68   llshl.o
        36          0          0          0          0         68   llsshr.o
        32          0          0          0          0         68   llushr.o
       188         20          0          0          0        160   malloc.o
        36          0          0          0          0         68   memcpya.o
        36          0          0          0          0        108   memseta.o
         0          0          0          8          0          0   mvars.o
      2276         86          0          0          0        520   printfa.o
        14          0          0          0          0         68   strlen.o
        44          0          0          0          0         80   uidiv.o
        98          0          0          0          0         92   uldiv.o
        48          0          0          0          0         68   cdrcmple.o
        56          0          0          0          0         88   d2f.o
       334          0          0          0          0        148   dadd.o
       222          0          0          0          0        100   ddiv.o
       186          0          0          0          0        176   depilogue.o
        62          0          0          0          0         80   dfixi.o
        48          0          0          0          0         68   dfixul.o
        34          0          0          0          0         76   dflti.o
        26          0          0          0          0         76   dfltui.o
       228          0          0          0          0         96   dmul.o
       162          0          0          0          0        100   dsqrt.o
        38          0          0          0          0         68   f2d.o
       110          0          0          0          0        168   fepilogue.o

    ----------------------------------------------------------------------
      4650        128          0         12          0       2896   Library Totals
         0          0          0          0          0          0   (incl. Padding)

    ----------------------------------------------------------------------

      Code (inc. data)   RO Data    RW Data    ZI Data      Debug   Library Name

       122          0          0          0          0        148   m_wm.l
      2974        128          0         12          0       1436   mc_w.l
      1554          0          0          0          0       1312   mf_w.l

    ----------------------------------------------------------------------
      4650        128          0         12          0       2896   Library Totals

    ----------------------------------------------------------------------

==============================================================================


      Code (inc. data)   RO Data    RW Data    ZI Data      Debug   

     31228       1600      24216        488     310808    1731845   Grand Totals
     31228       1600      24216        248     310808    1731845   ELF Image Totals (compressed)
     31228       1600      24216        248          0          0   ROM Totals

==============================================================================

    Total RO  Size (Code + RO Data)                55444 (  54.14kB)
    Total RW  Size (RW Data + ZI Data)            311296 ( 304.00kB)
    Total ROM Size (Code + RO Data + RW Data)      55692 (  54.39kB)

==============================================================================

